Archive member included to satisfy reference by file (symbol)

C:/Users/leona/.pico-sdk/toolchain/13_3_Rel1/bin/../lib/gcc/arm-none-eabi/13.3.1/thumb/v6-m/nofp\libgcc.a(_dvmd_tls.o)
                              CMakeFiles/Animation-BitDogLab.dir/C_/Users/leona/.pico-sdk/sdk/2.1.0/src/rp2_common/pico_divider/divider_hardware.S.obj (__aeabi_idiv0)
C:/Users/leona/.pico-sdk/toolchain/13_3_Rel1/bin/../lib/gcc/arm-none-eabi/13.3.1/thumb/v6-m/nofp\libg.a(libc_a-calloc.o)
                              CMakeFiles/Animation-BitDogLab.dir/C_/Users/leona/.pico-sdk/sdk/2.1.0/src/rp2_common/pico_malloc/malloc.c.obj (calloc)
C:/Users/leona/.pico-sdk/toolchain/13_3_Rel1/bin/../lib/gcc/arm-none-eabi/13.3.1/thumb/v6-m/nofp\libg.a(libc_a-callocr.o)
                              C:/Users/leona/.pico-sdk/toolchain/13_3_Rel1/bin/../lib/gcc/arm-none-eabi/13.3.1/thumb/v6-m/nofp\libg.a(libc_a-calloc.o) (_calloc_r)
C:/Users/leona/.pico-sdk/toolchain/13_3_Rel1/bin/../lib/gcc/arm-none-eabi/13.3.1/thumb/v6-m/nofp\libg.a(libc_a-malloc.o)
                              CMakeFiles/Animation-BitDogLab.dir/C_/Users/leona/.pico-sdk/sdk/2.1.0/src/rp2_common/pico_malloc/malloc.c.obj (malloc)
C:/Users/leona/.pico-sdk/toolchain/13_3_Rel1/bin/../lib/gcc/arm-none-eabi/13.3.1/thumb/v6-m/nofp\libg.a(libc_a-mallocr.o)
                              C:/Users/leona/.pico-sdk/toolchain/13_3_Rel1/bin/../lib/gcc/arm-none-eabi/13.3.1/thumb/v6-m/nofp\libg.a(libc_a-callocr.o) (_malloc_r)
C:/Users/leona/.pico-sdk/toolchain/13_3_Rel1/bin/../lib/gcc/arm-none-eabi/13.3.1/thumb/v6-m/nofp\libg.a(libc_a-mlock.o)
                              C:/Users/leona/.pico-sdk/toolchain/13_3_Rel1/bin/../lib/gcc/arm-none-eabi/13.3.1/thumb/v6-m/nofp\libg.a(libc_a-mallocr.o) (__malloc_lock)
C:/Users/leona/.pico-sdk/toolchain/13_3_Rel1/bin/../lib/gcc/arm-none-eabi/13.3.1/thumb/v6-m/nofp\libg.a(libc_a-realloc.o)
                              CMakeFiles/Animation-BitDogLab.dir/C_/Users/leona/.pico-sdk/sdk/2.1.0/src/rp2_common/pico_malloc/malloc.c.obj (realloc)
C:/Users/leona/.pico-sdk/toolchain/13_3_Rel1/bin/../lib/gcc/arm-none-eabi/13.3.1/thumb/v6-m/nofp\libg.a(libc_a-reallocr.o)
                              C:/Users/leona/.pico-sdk/toolchain/13_3_Rel1/bin/../lib/gcc/arm-none-eabi/13.3.1/thumb/v6-m/nofp\libg.a(libc_a-realloc.o) (_realloc_r)
C:/Users/leona/.pico-sdk/toolchain/13_3_Rel1/bin/../lib/gcc/arm-none-eabi/13.3.1/thumb/v6-m/nofp\libg.a(libc_a-memcmp.o)
                              CMakeFiles/Animation-BitDogLab.dir/C_/Users/leona/.pico-sdk/sdk/2.1.0/src/rp2_common/pico_atomic/atomic.c.obj (memcmp)
C:/Users/leona/.pico-sdk/toolchain/13_3_Rel1/bin/../lib/gcc/arm-none-eabi/13.3.1/thumb/v6-m/nofp\libg.a(libc_a-memmove.o)
                              C:/Users/leona/.pico-sdk/toolchain/13_3_Rel1/bin/../lib/gcc/arm-none-eabi/13.3.1/thumb/v6-m/nofp\libg.a(libc_a-reallocr.o) (memmove)
C:/Users/leona/.pico-sdk/toolchain/13_3_Rel1/bin/../lib/gcc/arm-none-eabi/13.3.1/thumb/v6-m/nofp\libg.a(libc_a-lcltime_r.o)
                              CMakeFiles/Animation-BitDogLab.dir/C_/Users/leona/.pico-sdk/sdk/2.1.0/src/common/pico_util/datetime.c.obj (localtime_r)
C:/Users/leona/.pico-sdk/toolchain/13_3_Rel1/bin/../lib/gcc/arm-none-eabi/13.3.1/thumb/v6-m/nofp\libg.a(libc_a-mktime.o)
                              CMakeFiles/Animation-BitDogLab.dir/C_/Users/leona/.pico-sdk/sdk/2.1.0/src/common/pico_util/datetime.c.obj (mktime)
C:/Users/leona/.pico-sdk/toolchain/13_3_Rel1/bin/../lib/gcc/arm-none-eabi/13.3.1/thumb/v6-m/nofp\libg.a(libc_a-month_lengths.o)
                              C:/Users/leona/.pico-sdk/toolchain/13_3_Rel1/bin/../lib/gcc/arm-none-eabi/13.3.1/thumb/v6-m/nofp\libg.a(libc_a-lcltime_r.o) (__month_lengths)
C:/Users/leona/.pico-sdk/toolchain/13_3_Rel1/bin/../lib/gcc/arm-none-eabi/13.3.1/thumb/v6-m/nofp\libg.a(libc_a-tzcalc_limits.o)
                              C:/Users/leona/.pico-sdk/toolchain/13_3_Rel1/bin/../lib/gcc/arm-none-eabi/13.3.1/thumb/v6-m/nofp\libg.a(libc_a-lcltime_r.o) (__tzcalc_limits)
C:/Users/leona/.pico-sdk/toolchain/13_3_Rel1/bin/../lib/gcc/arm-none-eabi/13.3.1/thumb/v6-m/nofp\libg.a(libc_a-tzlock.o)
                              C:/Users/leona/.pico-sdk/toolchain/13_3_Rel1/bin/../lib/gcc/arm-none-eabi/13.3.1/thumb/v6-m/nofp\libg.a(libc_a-lcltime_r.o) (__tz_lock)
C:/Users/leona/.pico-sdk/toolchain/13_3_Rel1/bin/../lib/gcc/arm-none-eabi/13.3.1/thumb/v6-m/nofp\libg.a(libc_a-tzset.o)
                              C:/Users/leona/.pico-sdk/toolchain/13_3_Rel1/bin/../lib/gcc/arm-none-eabi/13.3.1/thumb/v6-m/nofp\libg.a(libc_a-lcltime_r.o) (_tzset_unlocked)
C:/Users/leona/.pico-sdk/toolchain/13_3_Rel1/bin/../lib/gcc/arm-none-eabi/13.3.1/thumb/v6-m/nofp\libg.a(libc_a-tzset_r.o)
                              C:/Users/leona/.pico-sdk/toolchain/13_3_Rel1/bin/../lib/gcc/arm-none-eabi/13.3.1/thumb/v6-m/nofp\libg.a(libc_a-tzset.o) (_tzset_unlocked_r)
C:/Users/leona/.pico-sdk/toolchain/13_3_Rel1/bin/../lib/gcc/arm-none-eabi/13.3.1/thumb/v6-m/nofp\libg.a(libc_a-tzvars.o)
[...]
Memory Configuration

Name             Origin             Length             Attributes
FLASH            0x10000000         0x00200000         xr
RAM              0x20000000         0x00040000         xrw
SCRATCH_X        0x20040000         0x00001000         xrw
SCRATCH_Y        0x20041000         0x00001000         xrw
*default*        0x00000000         0xffffffff

Linker script and memory map

LOAD C:/Users/leona/.pico-sdk/toolchain/13_3_Rel1/bin/../lib/gcc/arm-none-eabi/13.3.1/thumb/v6-m/nofp/crti.o
LOAD C:/Users/leona/.pico-sdk/toolchain/13_3_Rel1/bin/../lib/gcc/arm-none-eabi/13.3.1/thumb/v6-m/nofp/crtbegin.o
LOAD C:/Users/leona/.pico-sdk/toolchain/13_3_Rel1/bin/../lib/gcc/arm-none-eabi/13.3.1/thumb/v6-m/nofp/crt0.o

.flash_begin    0x10000000        0x0
                0x10000000                        __flash_binary_start = .

.boot2          0x10000000      0x100
                0x10000000                        __boot2_start__ = .
 *(.boot2)
 .boot2         0x10000000      0x100 pico-sdk/src/rp2040/boot_stage2/CMakeFiles/bs2_default_library.dir/./bs2_default_padded_checksummed.S.obj
                0x10000100                        __boot2_end__ = .
                0x00000001                        ASSERT (((__boot2_end__ - __boot2_start__) == 0x100), ERROR: Pico second stage bootloader must be 256 bytes in size)

.text           0x10000100     0x20a0
                0x10000100                        __logical_binary_start = .
 *(.vectors)
 .vectors       0x10000100       0xd4 CMakeFiles/Animation-BitDogLab.dir/C_/Users/leona/.pico-sdk/sdk/2.1.0/src/rp2_common/pico_crt0/crt0.S.obj
                0x10000100                __VECTOR_TABLE
                0x10000100                __vectors
                0x100001c0                isr_invalid
                0x100001c0                __default_isrs_start
                0x100001c2                isr_nmi
                0x100001c4                isr_hardfault
                0x100001c6                isr_svcall
                0x100001c8                isr_pendsv
                0x100001ca                isr_systick
                0x100001cc                isr_irq23
                0x100001cc                isr_irq18
                0x100001cc                isr_irq11
                0x100001cc                isr_irq28
                0x100001cc                isr_irq19
                0x100001cc                isr_irq0
                0x100001cc                isr_irq6
                0x100001cc                isr_irq5
                0x100001cc                isr_irq12
                0x100001cc                isr_irq22
                0x100001cc                isr_irq31
                0x100001cc                isr_irq17
                0x100001cc                isr_irq27
                0x100001cc                isr_irq30
                0x100001cc                isr_irq2
                0x100001cc                isr_irq10
                0x100001cc                isr_irq8
                0x100001cc                isr_irq24
                0x100001cc                isr_irq1
                0x100001cc                isr_irq7
                0x100001cc                isr_irq21
                0x100001cc                isr_irq20
                0x100001cc                isr_irq15
                0x100001cc                isr_irq25
                0x100001cc                isr_irq13
                0x100001cc                __unhandled_user_irq
                0x100001cc                isr_irq4
                0x100001cc                isr_irq16
                0x100001cc                isr_irq29
                0x100001cc                isr_irq26
                0x100001cc                __default_isrs_end
                0x100001cc                isr_irq3
                0x100001cc                isr_irq14
                0x100001cc                isr_irq9
                0x100001d2                unhandled_user_irq_num_in_r0
 *(.binary_info_header)
 .binary_info_header
                0x100001d4       0x14 CMakeFiles/Animation-BitDogLab.dir/C_/Users/leona/.pico-sdk/sdk/2.1.0/src/rp2_common/pico_crt0/crt0.S.obj
                0x100001e8                        __binary_info_header_end = .
 *(.embedded_block)
                0x100001e8                        __embedded_block_end = .
 *(.reset)
 .reset         0x100001e8       0x9c CMakeFiles/Animation-BitDogLab.dir/C_/Users/leona/.pico-sdk/sdk/2.1.0/src/rp2_common/pico_crt0/crt0.S.obj
                0x100001e8                _entry_point
 *(.init)
 .init          0x10000284        0x4 C:/Users/leona/.pico-sdk/toolchain/13_3_Rel1/bin/../lib/gcc/arm-none-eabi/13.3.1/thumb/v6-m/nofp/crti.o
                0x10000284                _init
 *(EXCLUDE_FILE(*libm.a: *libc.a:*lib_a-mem*.o *libgcc.a:) .text*)
 .text.register_tm_clones
                0x10000288       0x28 C:/Users/leona/.pico-sdk/toolchain/13_3_Rel1/bin/../lib/gcc/arm-none-eabi/13.3.1/thumb/v6-m/nofp/crtbegin.o
 .text.frame_dummy
                0x100002b0       0x24 C:/Users/leona/.pico-sdk/toolchain/13_3_Rel1/bin/../lib/gcc/arm-none-eabi/13.3.1/thumb/v6-m/nofp/crtbegin.o
 .text.ws2818b_program_init
                0x100002d4       0xdc CMakeFiles/Animation-BitDogLab.dir/Animation-BitDogLab.c.obj
                0x100002d4                ws2818b_program_init
 .text.initialize_keyboard
                0x100003b0       0x60 CMakeFiles/Animation-BitDogLab.dir/Animation-BitDogLab.c.obj
                0x100003b0                initialize_keyboard
 .text.initialize_leds
                0x10000410       0x80 CMakeFiles/Animation-BitDogLab.dir/Animation-BitDogLab.c.obj
                0x10000410                initialize_leds
 .text.send_buffer
                0x10000490       0x58 CMakeFiles/Animation-BitDogLab.dir/Animation-BitDogLab.c.obj
                0x10000490                send_buffer
 .text.simple_animation
                0x100004e8       0xd4 CMakeFiles/Animation-BitDogLab.dir/Animation-BitDogLab.c.obj
                0x100004e8                simple_animation
 .text.handle_key
                0x100005bc      0x1c4 CMakeFiles/Animation-BitDogLab.dir/Animation-BitDogLab.c.obj
                0x100005bc                handle_key
 .text.startup.main
                0x10000780      0x1c0 CMakeFiles/Animation-BitDogLab.dir/Animation-BitDogLab.c.obj
                0x10000780                main
 .text.gpio_set_function
                0x10000940       0x34 CMakeFiles/Animation-BitDogLab.dir/C_/Users/leona/.pico-sdk/sdk/2.1.0/src/rp2_common/hardware_gpio/gpio.c.obj
                0x10000940                gpio_set_function
 .text.gpio_set_pulls
                0x10000974       0x28 CMakeFiles/Animation-BitDogLab.dir/C_/Users/leona/.pico-sdk/sdk/2.1.0/src/rp2_common/hardware_gpio/gpio.c.obj
                0x10000974                gpio_set_pulls
 .text.gpio_init
                0x1000099c       0x40 CMakeFiles/Animation-BitDogLab.dir/C_/Users/leona/.pico-sdk/sdk/2.1.0/src/rp2_common/hardware_gpio/gpio.c.obj
                0x1000099c                gpio_init
 .text.panic    0x100009dc       0x30 CMakeFiles/Animation-BitDogLab.dir/C_/Users/leona/.pico-sdk/sdk/2.1.0/src/rp2_common/pico_platform_panic/panic.c.obj
                0x100009dc                panic
 .text.hw_claim_lock
                0x10000a0c       0x18 CMakeFiles/Animation-BitDogLab.dir/C_/Users/leona/.pico-sdk/sdk/2.1.0/src/common/hardware_claim/claim.c.obj
                0x10000a0c                hw_claim_lock
 .text.hw_claim_unlock
                0x10000a24       0x14 CMakeFiles/Animation-BitDogLab.dir/C_/Users/leona/.pico-sdk/sdk/2.1.0/src/common/hardware_claim/claim.c.obj
                0x10000a24                hw_claim_unlock
 .text.hw_claim_or_assert
                0x10000a38       0x44 CMakeFiles/Animation-BitDogLab.dir/C_/Users/leona/.pico-sdk/sdk/2.1.0/src/common/hardware_claim/claim.c.obj
                0x10000a38                hw_claim_or_assert
 .text.hw_claim_unused_from_range
                0x10000a7c       0x9c CMakeFiles/Animation-BitDogLab.dir/C_/Users/leona/.pico-sdk/sdk/2.1.0/src/common/hardware_claim/claim.c.obj
                0x10000a7c                hw_claim_unused_from_range
 .text.next_striped_spin_lock_num
                0x10000b18       0x18 CMakeFiles/Animation-BitDogLab.dir/C_/Users/leona/.pico-sdk/sdk/2.1.0/src/rp2_common/hardware_sync/sync.c.obj
                0x10000b18                next_striped_spin_lock_num
 .text.spin_locks_reset
                0x10000b30       0x1c CMakeFiles/Animation-BitDogLab.dir/C_/Users/leona/.pico-sdk/sdk/2.1.0/src/rp2_common/hardware_sync_spin_lock/sync_spin_lock.c.obj
                0x10000b30                spin_locks_reset
 .text.runtime_init_per_core_irq_priorities
                0x10000b4c       0x24 CMakeFiles/Animation-BitDogLab.dir/C_/Users/leona/.pico-sdk/sdk/2.1.0/src/rp2_common/hardware_irq/irq.c.obj
                0x10000b4c                runtime_init_per_core_irq_priorities
 .text.irq_set_enabled
                0x10000b70       0x24 CMakeFiles/Animation-BitDogLab.dir/C_/Users/leona/.pico-sdk/sdk/2.1.0/src/rp2_common/hardware_irq/irq.c.obj
                0x10000b70                irq_set_enabled
 .text.irq_set_exclusive_handler
                0x10000b94       0x54 CMakeFiles/Animation-BitDogLab.dir/C_/Users/leona/.pico-sdk/sdk/2.1.0/src/rp2_common/hardware_irq/irq.c.obj
                0x10000b94                irq_set_exclusive_handler
 .text.lock_init
                0x10000be8       0x10 CMakeFiles/Animation-BitDogLab.dir/C_/Users/leona/.pico-sdk/sdk/2.1.0/src/common/pico_sync/lock_core.c.obj
                0x10000be8                lock_init
 .text.runtime_init_mutex
                0x10000bf8       0x50 CMakeFiles/Animation-BitDogLab.dir/C_/Users/leona/.pico-sdk/sdk/2.1.0/src/common/pico_sync/mutex.c.obj
                0x10000bf8                runtime_init_mutex
 .text.sleep_until_callback
                0x10000c48       0x30 CMakeFiles/Animation-BitDogLab.dir/C_/Users/leona/.pico-sdk/sdk/2.1.0/src/common/pico_time/time.c.obj
 .text.alarm_pool_irq_handler
                0x10000c78      0x2fc CMakeFiles/Animation-BitDogLab.dir/C_/Users/leona/.pico-sdk/sdk/2.1.0/src/common/pico_time/time.c.obj
 .text.runtime_init_default_alarm_pool
                0x10000f74       0xdc CMakeFiles/Animation-BitDogLab.dir/C_/Users/leona/.pico-sdk/sdk/2.1.0/src/common/pico_time/time.c.obj
                0x10000f74                runtime_init_default_alarm_pool
 .text.alarm_pool_add_alarm_at_force_in_context
                0x10001050       0xb0 CMakeFiles/Animation-BitDogLab.dir/C_/Users/leona/.pico-sdk/sdk/2.1.0/src/common/pico_time/time.c.obj
                0x10001050                alarm_pool_add_alarm_at_force_in_context
 .text.alarm_pool_cancel_alarm
                0x10001100       0x74 CMakeFiles/Animation-BitDogLab.dir/C_/Users/leona/.pico-sdk/sdk/2.1.0/src/common/pico_time/time.c.obj
                0x10001100                alarm_pool_cancel_alarm
 .text.sleep_until
                0x10001174       0xd8 CMakeFiles/Animation-BitDogLab.dir/C_/Users/leona/.pico-sdk/sdk/2.1.0/src/common/pico_time/time.c.obj
                0x10001174                sleep_until
 .text.sleep_us
                0x1000124c       0x28 CMakeFiles/Animation-BitDogLab.dir/C_/Users/leona/.pico-sdk/sdk/2.1.0/src/common/pico_time/time.c.obj
                0x1000124c                sleep_us
 .text.sleep_ms
                0x10001274       0x38 CMakeFiles/Animation-BitDogLab.dir/C_/Users/leona/.pico-sdk/sdk/2.1.0/src/common/pico_time/time.c.obj
                0x10001274                sleep_ms
 .text.best_effort_wfe_or_timeout
                0x100012ac       0xe0 CMakeFiles/Animation-BitDogLab.dir/C_/Users/leona/.pico-sdk/sdk/2.1.0/src/common/pico_time/time.c.obj
                0x100012ac                best_effort_wfe_or_timeout
 .text.timer_hardware_alarm_claim
                0x1000138c       0x14 CMakeFiles/Animation-BitDogLab.dir/C_/Users/leona/.pico-sdk/sdk/2.1.0/src/rp2_common/hardware_timer/timer.c.obj
                0x1000138c                timer_hardware_alarm_claim
 .text.timer_time_us_64
                0x100013a0       0x10 CMakeFiles/Animation-BitDogLab.dir/C_/Users/leona/.pico-sdk/sdk/2.1.0/src/rp2_common/hardware_timer/timer.c.obj
                0x100013a0                timer_time_us_64
 .text.time_us_64
                0x100013b0       0x14 CMakeFiles/Animation-BitDogLab.dir/C_/Users/leona/.pico-sdk/sdk/2.1.0/src/rp2_common/hardware_timer/timer.c.obj
                0x100013b0                time_us_64
 .text.busy_wait_until
                0x100013c4       0x20 CMakeFiles/Animation-BitDogLab.dir/C_/Users/leona/.pico-sdk/sdk/2.1.0/src/rp2_common/hardware_timer/timer.c.obj
                0x100013c4                busy_wait_until
 .text.clock_configure_int_divider
                0x100013e4       0xf4 CMakeFiles/Animation-BitDogLab.dir/C_/Users/leona/.pico-sdk/sdk/2.1.0/src/rp2_common/hardware_clocks/clocks.c.obj
                0x100013e4                clock_configure_int_divider
 .text.clock_configure_undivided
                0x100014d8       0xe8 CMakeFiles/Animation-BitDogLab.dir/C_/Users/leona/.pico-sdk/sdk/2.1.0/src/rp2_common/hardware_clocks/clocks.c.obj
                0x100014d8                clock_configure_undivided
 .text.clock_get_hz
                0x100015c0        0xc CMakeFiles/Animation-BitDogLab.dir/C_/Users/leona/.pico-sdk/sdk/2.1.0/src/rp2_common/hardware_clocks/clocks.c.obj
                0x100015c0                clock_get_hz
 .text.pll_init
                0x100015cc       0xa4 CMakeFiles/Animation-BitDogLab.dir/C_/Users/leona/.pico-sdk/sdk/2.1.0/src/rp2_common/hardware_pll/pll.c.obj
                0x100015cc                pll_init
 .text.tick_start
                0x10001670       0x10 CMakeFiles/Animation-BitDogLab.dir/C_/Users/leona/.pico-sdk/sdk/2.1.0/src/rp2_common/hardware_ticks/ticks.c.obj
                0x10001670                tick_start
 .text.rom_func_lookup
                0x10001680       0x10 CMakeFiles/Animation-BitDogLab.dir/C_/Users/leona/.pico-sdk/sdk/2.1.0/src/rp2_common/pico_bootrom/bootrom.c.obj
                0x10001680                rom_func_lookup
 .text.rom_data_lookup
                0x10001690       0x10 CMakeFiles/Animation-BitDogLab.dir/C_/Users/leona/.pico-sdk/sdk/2.1.0/src/rp2_common/pico_bootrom/bootrom.c.obj
                0x10001690                rom_data_lookup
 .text.rom_funcs_lookup
                0x100016a0       0x44 CMakeFiles/Animation-BitDogLab.dir/C_/Users/leona/.pico-sdk/sdk/2.1.0/src/rp2_common/pico_bootrom/bootrom.c.obj
                0x100016a0                rom_funcs_lookup
 .text.xosc_init
                0x100016e4       0x28 CMakeFiles/Animation-BitDogLab.dir/C_/Users/leona/.pico-sdk/sdk/2.1.0/src/rp2_common/hardware_xosc/xosc.c.obj
                0x100016e4                xosc_init
 .text.first_per_core_initializer
                0x1000170c        0x4 CMakeFiles/Animation-BitDogLab.dir/C_/Users/leona/.pico-sdk/sdk/2.1.0/src/rp2_common/pico_runtime/runtime.c.obj
 .text.hard_assertion_failure
                0x10001710        0xc CMakeFiles/Animation-BitDogLab.dir/C_/Users/leona/.pico-sdk/sdk/2.1.0/src/rp2_common/pico_runtime/runtime.c.obj
                0x10001710                hard_assertion_failure
 .text.runtime_run_initializers
                0x1000171c       0x28 CMakeFiles/Animation-BitDogLab.dir/C_/Users/leona/.pico-sdk/sdk/2.1.0/src/rp2_common/pico_runtime/runtime.c.obj
                0x1000171c                runtime_run_initializers
 .text.runtime_init_early_resets
                0x10001744       0x2c CMakeFiles/Animation-BitDogLab.dir/C_/Users/leona/.pico-sdk/sdk/2.1.0/src/rp2_common/pico_runtime_init/runtime_init.c.obj
                0x10001744                runtime_init_early_resets
 .text.runtime_init_usb_power_down
                0x10001770       0x1c CMakeFiles/Animation-BitDogLab.dir/C_/Users/leona/.pico-sdk/sdk/2.1.0/src/rp2_common/pico_runtime_init/runtime_init.c.obj
                0x10001770                runtime_init_usb_power_down
 .text.runtime_init_post_clock_resets
                0x1000178c       0x20 CMakeFiles/Animation-BitDogLab.dir/C_/Users/leona/.pico-sdk/sdk/2.1.0/src/rp2_common/pico_runtime_init/runtime_init.c.obj
                0x1000178c                runtime_init_post_clock_resets
 .text.runtime_init_rp2040_gpio_ie_disable
                0x100017ac       0x14 CMakeFiles/Animation-BitDogLab.dir/C_/Users/leona/.pico-sdk/sdk/2.1.0/src/rp2_common/pico_runtime_init/runtime_init.c.obj
                0x100017ac                runtime_init_rp2040_gpio_ie_disable
 .text.runtime_init_spin_locks_reset
                0x100017c0        0x8 CMakeFiles/Animation-BitDogLab.dir/C_/Users/leona/.pico-sdk/sdk/2.1.0/src/rp2_common/pico_runtime_init/runtime_init.c.obj
                0x100017c0                runtime_init_spin_locks_reset
 .text.runtime_init_install_ram_vector_table
                0x100017c8       0x1c CMakeFiles/Animation-BitDogLab.dir/C_/Users/leona/.pico-sdk/sdk/2.1.0/src/rp2_common/pico_runtime_init/runtime_init.c.obj
                0x100017c8                runtime_init_install_ram_vector_table
 .text.runtime_init_clocks
                0x100017e4       0xd8 CMakeFiles/Animation-BitDogLab.dir/C_/Users/leona/.pico-sdk/sdk/2.1.0/src/rp2_common/pico_runtime_init/runtime_init_clocks.c.obj
                0x100017e4                runtime_init_clocks
 .text          0x100018bc       0x10 CMakeFiles/Animation-BitDogLab.dir/C_/Users/leona/.pico-sdk/sdk/2.1.0/src/rp2_common/pico_bit_ops/bit_ops_aeabi.S.obj
 .text.__wrap___aeabi_uidiv
                0x100018cc       0x4c CMakeFiles/Animation-BitDogLab.dir/C_/Users/leona/.pico-sdk/sdk/2.1.0/src/rp2_common/pico_divider/divider_hardware.S.obj
                0x100018cc                __wrap___aeabi_uidiv
                0x100018cc                __wrap___aeabi_uidivmod
                0x100018cc                div_u32u32
                0x100018cc                divmod_u32u32
                0x100018d4                divmod_u32u32_unsafe
                0x100018fc                divmod_u32u32_savestate
 .text.missing_double_func_shim
                0x10001918        0xc CMakeFiles/Animation-BitDogLab.dir/C_/Users/leona/.pico-sdk/sdk/2.1.0/src/rp2_common/pico_double/double_init_rom_rp2040.c.obj
 .text.__aeabi_double_init
                0x10001924       0xa0 CMakeFiles/Animation-BitDogLab.dir/C_/Users/leona/.pico-sdk/sdk/2.1.0/src/rp2_common/pico_double/double_init_rom_rp2040.c.obj
                0x10001924                __aeabi_double_init
 .text.double_table_shim_on_use_helper
                0x100019c4       0x2c CMakeFiles/Animation-BitDogLab.dir/C_/Users/leona/.pico-sdk/sdk/2.1.0/src/rp2_common/pico_double/double_v1_rom_shim_rp2040.S.obj
                0x100019c4                double_table_shim_on_use_helper
 .text.__aeabi_lmul
                0x100019f0       0x32 CMakeFiles/Animation-BitDogLab.dir/C_/Users/leona/.pico-sdk/sdk/2.1.0/src/rp2_common/pico_int64_ops/pico_int64_ops_aeabi.S.obj
                0x100019f0                __wrap___aeabi_lmul
 *fill*         0x10001a22        0x2 
 .text.__wrap___aeabi_farithmetic
                0x10001a24       0x48 CMakeFiles/Animation-BitDogLab.dir/C_/Users/leona/.pico-sdk/sdk/2.1.0/src/rp2_common/pico_float/float_aeabi_rp2040.S.obj
                0x10001a24                __wrap___aeabi_frsub
                0x10001a2a                __wrap___aeabi_fsub
                0x10001a30                __wrap___aeabi_fadd
                0x10001a36                __wrap___aeabi_fdiv
                0x10001a5e                __wrap___aeabi_fmul
 .text.__wrap___aeabi_ui2f
                0x10001a6c        0xa CMakeFiles/Animation-BitDogLab.dir/C_/Users/leona/.pico-sdk/sdk/2.1.0/src/rp2_common/pico_float/float_aeabi_rp2040.S.obj
                0x10001a6c                __wrap___aeabi_ui2f
                0x10001a6c                uint2float
 *fill*         0x10001a76        0x2 
 .text.__wrap___aeabi_i2f
                0x10001a78       0x44 CMakeFiles/Animation-BitDogLab.dir/C_/Users/leona/.pico-sdk/sdk/2.1.0/src/rp2_common/pico_float/float_aeabi_rp2040.S.obj
                0x10001a78                __wrap___aeabi_i2f
                0x10001a78                int2float
 .text.__wrap___aeabi_f2uiz
                0x10001abc        0xc CMakeFiles/Animation-BitDogLab.dir/C_/Users/leona/.pico-sdk/sdk/2.1.0/src/rp2_common/pico_float/float_aeabi_rp2040.S.obj
                0x10001abc                __wrap___aeabi_f2uiz
                0x10001abc                float2uint_z
 .text.missing_float_func_shim
                0x10001ac8        0xc CMakeFiles/Animation-BitDogLab.dir/C_/Users/leona/.pico-sdk/sdk/2.1.0/src/rp2_common/pico_float/float_init_rom_rp2040.c.obj
 .text.__aeabi_float_init
                0x10001ad4       0x5c CMakeFiles/Animation-BitDogLab.dir/C_/Users/leona/.pico-sdk/sdk/2.1.0/src/rp2_common/pico_float/float_init_rom_rp2040.c.obj
                0x10001ad4                __aeabi_float_init
 .text          0x10001b30       0x10 CMakeFiles/Animation-BitDogLab.dir/C_/Users/leona/.pico-sdk/sdk/2.1.0/src/rp2_common/pico_mem_ops/mem_ops_aeabi.S.obj
                0x10001b30                __aeabi_mem_init
 .text.memcpy   0x10001b40        0xc CMakeFiles/Animation-BitDogLab.dir/C_/Users/leona/.pico-sdk/sdk/2.1.0/src/rp2_common/pico_mem_ops/mem_ops_aeabi.S.obj
                0x10001b40                __wrap_memcpy
                0x10001b40                __wrap___aeabi_memcpy
 .text._out_char
                0x10001b4c       0x10 CMakeFiles/Animation-BitDogLab.dir/C_/Users/leona/.pico-sdk/sdk/2.1.0/src/rp2_common/pico_printf/printf.c.obj
 .text.weak_raw_vprintf
                0x10001b5c       0x30 CMakeFiles/Animation-BitDogLab.dir/C_/Users/leona/.pico-sdk/sdk/2.1.0/src/rp2_common/pico_printf/printf.c.obj
                0x10001b5c                weak_raw_vprintf
 .text._exit    0x10001b8c        0x4 CMakeFiles/Animation-BitDogLab.dir/C_/Users/leona/.pico-sdk/sdk/2.1.0/src/rp2_common/pico_clib_interface/newlib_interface.c.obj
                0x10001b8c                _exit
 .text.exit     0x10001b90        0x8 CMakeFiles/Animation-BitDogLab.dir/C_/Users/leona/.pico-sdk/sdk/2.1.0/src/rp2_common/pico_clib_interface/newlib_interface.c.obj
                0x10001b90                exit
 .text.runtime_init
                0x10001b98       0x2c CMakeFiles/Animation-BitDogLab.dir/C_/Users/leona/.pico-sdk/sdk/2.1.0/src/rp2_common/pico_clib_interface/newlib_interface.c.obj
                0x10001b98                runtime_init
 .text.stdio_out_chars_no_crlf
                0x10001bc4       0x10 CMakeFiles/Animation-BitDogLab.dir/C_/Users/leona/.pico-sdk/sdk/2.1.0/src/rp2_common/pico_stdio/stdio.c.obj
 .text.stdio_out_chars_crlf
                0x10001bd4       0x94 CMakeFiles/Animation-BitDogLab.dir/C_/Users/leona/.pico-sdk/sdk/2.1.0/src/rp2_common/pico_stdio/stdio.c.obj
 .text.stdio_put_string
                0x10001c68      0x100 CMakeFiles/Animation-BitDogLab.dir/C_/Users/leona/.pico-sdk/sdk/2.1.0/src/rp2_common/pico_stdio/stdio.c.obj
                0x10001c68                stdio_put_string
 .text.stdio_init_all
                0x10001d68        0x4 CMakeFiles/Animation-BitDogLab.dir/C_/Users/leona/.pico-sdk/sdk/2.1.0/src/rp2_common/pico_stdio/stdio.c.obj
                0x10001d68                stdio_init_all
 .text.__wrap_putchar
                0x10001d6c       0x98 CMakeFiles/Animation-BitDogLab.dir/C_/Users/leona/.pico-sdk/sdk/2.1.0/src/rp2_common/pico_stdio/stdio.c.obj
                0x10001d6c                __wrap_putchar
                0x10001d6c                stdio_putchar
 .text.__wrap_puts
                0x10001e04       0x3c CMakeFiles/Animation-BitDogLab.dir/C_/Users/leona/.pico-sdk/sdk/2.1.0/src/rp2_common/pico_stdio/stdio.c.obj
                0x10001e04                stdio_puts
                0x10001e04                __wrap_puts
 .text.pio_claim_unused_sm
                0x10001e40       0x38 CMakeFiles/Animation-BitDogLab.dir/C_/Users/leona/.pico-sdk/sdk/2.1.0/src/rp2_common/hardware_pio/pio.c.obj
                0x10001e40                pio_claim_unused_sm
 .text.pio_add_program
                0x10001e78      0x104 CMakeFiles/Animation-BitDogLab.dir/C_/Users/leona/.pico-sdk/sdk/2.1.0/src/rp2_common/hardware_pio/pio.c.obj
                0x10001e78                pio_add_program
 .text.pio_sm_set_consecutive_pindirs
                0x10001f7c       0xb4 CMakeFiles/Animation-BitDogLab.dir/C_/Users/leona/.pico-sdk/sdk/2.1.0/src/rp2_common/hardware_pio/pio.c.obj
                0x10001f7c                pio_sm_set_consecutive_pindirs
 .text.pio_sm_init
                0x10002030       0x9c CMakeFiles/Animation-BitDogLab.dir/C_/Users/leona/.pico-sdk/sdk/2.1.0/src/rp2_common/hardware_pio/pio.c.obj
                0x10002030                pio_sm_init
 .text.strlen   0x100020cc       0x5c C:/Users/leona/.pico-sdk/toolchain/13_3_Rel1/bin/../lib/gcc/arm-none-eabi/13.3.1/thumb/v6-m/nofp\libg.a(libc_a-strlen-stub.o)
                0x100020cc                strlen
 *(.fini)
 .fini          0x10002128        0x4 C:/Users/leona/.pico-sdk/toolchain/13_3_Rel1/bin/../lib/gcc/arm-none-eabi/13.3.1/thumb/v6-m/nofp/crti.o
                0x10002128                _fini
 *fill*         0x1000212c        0x4 
 .fini.__stub   0x10002130       0x30 linker stubs
 *crtbegin.o(.ctors)
 *crtbegin?.o(.ctors)
 *(EXCLUDE_FILE(*crtend.o *crtend?.o) .ctors)
 *(SORT_BY_NAME(.ctors.*))
 *(.ctors)
 *crtbegin.o(.dtors)
 *crtbegin?.o(.dtors)
 *(EXCLUDE_FILE(*crtend.o *crtend?.o) .dtors)
 *(SORT_BY_NAME(.dtors.*))
 *(.dtors)
                0x10002160                        . = ALIGN (0x4)
                0x10002160                        PROVIDE (__preinit_array_start = .)
 *(SORT_BY_NAME(.preinit_array.*))
 .preinit_array.00100
                0x10002160        0x4 CMakeFiles/Animation-BitDogLab.dir/C_/Users/leona/.pico-sdk/sdk/2.1.0/src/rp2_common/pico_runtime_init/runtime_init.c.obj
                0x10002160                __pre_init_runtime_init_early_resets
 .preinit_array.00101
                0x10002164        0x4 CMakeFiles/Animation-BitDogLab.dir/C_/Users/leona/.pico-sdk/sdk/2.1.0/src/rp2_common/pico_runtime_init/runtime_init.c.obj
                0x10002164                __pre_init_runtime_init_usb_power_down
 .preinit_array.00275
                0x10002168        0x4 CMakeFiles/Animation-BitDogLab.dir/C_/Users/leona/.pico-sdk/sdk/2.1.0/src/rp2_common/pico_bit_ops/bit_ops_aeabi.S.obj
 .preinit_array.00300
                0x1000216c        0x4 CMakeFiles/Animation-BitDogLab.dir/C_/Users/leona/.pico-sdk/sdk/2.1.0/src/rp2_common/pico_mem_ops/mem_ops_aeabi.S.obj
 .preinit_array.00350
                0x10002170        0x4 CMakeFiles/Animation-BitDogLab.dir/C_/Users/leona/.pico-sdk/sdk/2.1.0/src/rp2_common/pico_double/double_aeabi_rp2040.S.obj
 .preinit_array.00350
                0x10002174        0x4 CMakeFiles/Animation-BitDogLab.dir/C_/Users/leona/.pico-sdk/sdk/2.1.0/src/rp2_common/pico_float/float_aeabi_rp2040.S.obj
 .preinit_array.00500
                0x10002178        0x4 CMakeFiles/Animation-BitDogLab.dir/C_/Users/leona/.pico-sdk/sdk/2.1.0/src/rp2_common/pico_runtime_init/runtime_init.c.obj
                0x10002178                __pre_init_runtime_init_clocks
 .preinit_array.00600
                0x1000217c        0x4 CMakeFiles/Animation-BitDogLab.dir/C_/Users/leona/.pico-sdk/sdk/2.1.0/src/rp2_common/pico_runtime_init/runtime_init.c.obj
                0x1000217c                __pre_init_runtime_init_post_clock_resets
 .preinit_array.00700
                0x10002180        0x4 CMakeFiles/Animation-BitDogLab.dir/C_/Users/leona/.pico-sdk/sdk/2.1.0/src/rp2_common/pico_runtime_init/runtime_init.c.obj
                0x10002180                __pre_init_runtime_init_rp2040_gpio_ie_disable
 .preinit_array.01000
                0x10002184        0x4 CMakeFiles/Animation-BitDogLab.dir/C_/Users/leona/.pico-sdk/sdk/2.1.0/src/rp2_common/pico_runtime_init/runtime_init.c.obj
                0x10002184                __pre_init_runtime_init_spin_locks_reset
 .preinit_array.01100
                0x10002188        0x4 CMakeFiles/Animation-BitDogLab.dir/C_/Users/leona/.pico-sdk/sdk/2.1.0/src/common/pico_sync/mutex.c.obj
                0x10002188                __pre_init_runtime_init_mutex
 .preinit_array.10080
                0x1000218c        0x4 CMakeFiles/Animation-BitDogLab.dir/C_/Users/leona/.pico-sdk/sdk/2.1.0/src/rp2_common/pico_runtime_init/runtime_init.c.obj
                0x1000218c                __pre_init_runtime_init_install_ram_vector_table
 .preinit_array.11000
                0x10002190        0x4 CMakeFiles/Animation-BitDogLab.dir/C_/Users/leona/.pico-sdk/sdk/2.1.0/src/common/pico_time/time.c.obj
                0x10002190                __pre_init_runtime_init_default_alarm_pool
 .preinit_array.YYYYY
                0x10002194        0x4 CMakeFiles/Animation-BitDogLab.dir/C_/Users/leona/.pico-sdk/sdk/2.1.0/src/rp2_common/pico_runtime/runtime.c.obj
                0x10002194                __pre_init_first_per_core_initializer
 .preinit_array.ZZZZZ.01200
                0x10002198        0x4 CMakeFiles/Animation-BitDogLab.dir/C_/Users/leona/.pico-sdk/sdk/2.1.0/src/rp2_common/hardware_irq/irq.c.obj
                0x10002198                __pre_init_runtime_init_per_core_irq_priorities
 *(.preinit_array)
                0x1000219c                        PROVIDE (__preinit_array_end = .)
                0x1000219c                        . = ALIGN (0x4)
                0x1000219c                        PROVIDE (__init_array_start = .)
 *(SORT_BY_NAME(.init_array.*))
 *(.init_array)
 .init_array    0x1000219c        0x4 C:/Users/leona/.pico-sdk/toolchain/13_3_Rel1/bin/../lib/gcc/arm-none-eabi/13.3.1/thumb/v6-m/nofp/crtbegin.o
                0x100021a0                        PROVIDE (__init_array_end = .)
                0x100021a0                        . = ALIGN (0x4)
                [!provide]                        PROVIDE (__fini_array_start = .)
 *(SORT_BY_NAME(.fini_array.*))
 *(.fini_array)
                [!provide]                        PROVIDE (__fini_array_end = .)
 *(.eh_frame*)
 .eh_frame      0x100021a0        0x0 C:/Users/leona/.pico-sdk/toolchain/13_3_Rel1/bin/../lib/gcc/arm-none-eabi/13.3.1/thumb/v6-m/nofp/crtbegin.o
                0x100021a0                        . = ALIGN (0x4)

.glue_7         0x100021a0        0x0
 .glue_7        0x100021a0        0x0 linker stubs

.glue_7t        0x100021a0        0x0
 .glue_7t       0x100021a0        0x0 linker stubs

.vfp11_veneer   0x100021a0        0x0
 .vfp11_veneer  0x100021a0        0x0 linker stubs

.v4_bx          0x100021a0        0x0
 .v4_bx         0x100021a0        0x0 linker stubs

.iplt           0x100021a0        0x0
 .iplt          0x100021a0        0x0 C:/Users/leona/.pico-sdk/toolchain/13_3_Rel1/bin/../lib/gcc/arm-none-eabi/13.3.1/thumb/v6-m/nofp/crtbegin.o

.rodata         0x100021a0      0x268
 *(EXCLUDE_FILE(*libm.a: *libc.a:*lib_a-mem*.o *libgcc.a:) .rodata*)
 .rodata.handle_key.str1.4
                0x100021a0      0x174 CMakeFiles/Animation-BitDogLab.dir/Animation-BitDogLab.c.obj
                                 0x92 (size before relaxing)
 .rodata.handle_key
                0x10002314       0x50 CMakeFiles/Animation-BitDogLab.dir/Animation-BitDogLab.c.obj
 .rodata.main.str1.4
                0x10002364       0x11 CMakeFiles/Animation-BitDogLab.dir/Animation-BitDogLab.c.obj
 .rodata.key_map
                0x10002364       0x10 CMakeFiles/Animation-BitDogLab.dir/Animation-BitDogLab.c.obj
                0x10002364                key_map
 .rodata.column_pins
                0x10002374       0x10 CMakeFiles/Animation-BitDogLab.dir/Animation-BitDogLab.c.obj
                0x10002374                column_pins
 .rodata.row_pins
                0x10002384       0x10 CMakeFiles/Animation-BitDogLab.dir/Animation-BitDogLab.c.obj
                0x10002384                row_pins
 .rodata.ws2818b_program
                0x10002394        0x8 CMakeFiles/Animation-BitDogLab.dir/Animation-BitDogLab.c.obj
 .rodata.ws2818b_program_instructions
                0x1000239c        0x8 CMakeFiles/Animation-BitDogLab.dir/Animation-BitDogLab.c.obj
 .rodata.panic.str1.4
                0x100023a4       0x12 CMakeFiles/Animation-BitDogLab.dir/C_/Users/leona/.pico-sdk/sdk/2.1.0/src/rp2_common/pico_platform_panic/panic.c.obj
 .rodata.timer_hardware_alarm_claim.str1.4
                0x100023a4       0x22 CMakeFiles/Animation-BitDogLab.dir/C_/Users/leona/.pico-sdk/sdk/2.1.0/src/rp2_common/hardware_timer/timer.c.obj
 .rodata.hard_assertion_failure.str1.4
                0x100023a4        0xc CMakeFiles/Animation-BitDogLab.dir/C_/Users/leona/.pico-sdk/sdk/2.1.0/src/rp2_common/pico_runtime/runtime.c.obj
 .rodata.missing_double_func_shim.str1.4
                0x100023a4       0x18 CMakeFiles/Animation-BitDogLab.dir/C_/Users/leona/.pico-sdk/sdk/2.1.0/src/rp2_common/pico_double/double_init_rom_rp2040.c.obj
 .rodata.missing_float_func_shim.str1.4
                0x100023a4        0x1 CMakeFiles/Animation-BitDogLab.dir/C_/Users/leona/.pico-sdk/sdk/2.1.0/src/rp2_common/pico_float/float_init_rom_rp2040.c.obj
 .rodata.str1.4
                0x100023a4       0x4c CMakeFiles/Animation-BitDogLab.dir/C_/Users/leona/.pico-sdk/sdk/2.1.0/src/rp2_common/pico_standard_binary_info/standard_binary_info.c.obj
 .rodata.__bi_84
                0x100023a4        0xc CMakeFiles/Animation-BitDogLab.dir/C_/Users/leona/.pico-sdk/sdk/2.1.0/src/rp2_common/pico_standard_binary_info/standard_binary_info.c.obj
 .rodata.__bi_78
                0x100023b0        0xc CMakeFiles/Animation-BitDogLab.dir/C_/Users/leona/.pico-sdk/sdk/2.1.0/src/rp2_common/pico_standard_binary_info/standard_binary_info.c.obj
 .rodata.__bi_60
                0x100023bc        0xc CMakeFiles/Animation-BitDogLab.dir/C_/Users/leona/.pico-sdk/sdk/2.1.0/src/rp2_common/pico_standard_binary_info/standard_binary_info.c.obj
 .rodata.__bi_54
                0x100023c8        0xc CMakeFiles/Animation-BitDogLab.dir/C_/Users/leona/.pico-sdk/sdk/2.1.0/src/rp2_common/pico_standard_binary_info/standard_binary_info.c.obj
 .rodata.__bi_48
                0x100023d4        0xc CMakeFiles/Animation-BitDogLab.dir/C_/Users/leona/.pico-sdk/sdk/2.1.0/src/rp2_common/pico_standard_binary_info/standard_binary_info.c.obj
 .rodata.__bi_42
                0x100023e0        0xc CMakeFiles/Animation-BitDogLab.dir/C_/Users/leona/.pico-sdk/sdk/2.1.0/src/rp2_common/pico_standard_binary_info/standard_binary_info.c.obj
 .rodata.__bi_34
                0x100023ec        0xc CMakeFiles/Animation-BitDogLab.dir/C_/Users/leona/.pico-sdk/sdk/2.1.0/src/rp2_common/pico_standard_binary_info/standard_binary_info.c.obj
 .rodata.__bi_26
                0x100023f8        0xc CMakeFiles/Animation-BitDogLab.dir/C_/Users/leona/.pico-sdk/sdk/2.1.0/src/rp2_common/pico_standard_binary_info/standard_binary_info.c.obj
 .rodata.crlf_str.0
                0x10002404        0x2 CMakeFiles/Animation-BitDogLab.dir/C_/Users/leona/.pico-sdk/sdk/2.1.0/src/rp2_common/pico_stdio/stdio.c.obj
 .rodata.pio_claim_unused_sm.str1.4
                0x10002406       0x24 CMakeFiles/Animation-BitDogLab.dir/C_/Users/leona/.pico-sdk/sdk/2.1.0/src/rp2_common/hardware_pio/pio.c.obj
                0x1000242c                        . = ALIGN (0x4)
 *fill*         0x10002406        0x2 
 *(SORT_BY_ALIGNMENT(SORT_BY_NAME(.flashdata*)))
                0x10002408                        . = ALIGN (0x4)

.ARM.extab
 *(.ARM.extab* .gnu.linkonce.armextab.*)
                0x10002408                        __exidx_start = .

.ARM.exidx
 *(.ARM.exidx* .gnu.linkonce.armexidx.*)
                0x10002408                        __exidx_end = .
                0x10002408                        . = ALIGN (0x4)
                0x10002408                        __binary_info_start = .

.binary_info    0x10002408       0x20
 *(.binary_info.keep.*)
 .binary_info.keep.__bi_ptr84
                0x10002408        0x4 CMakeFiles/Animation-BitDogLab.dir/C_/Users/leona/.pico-sdk/sdk/2.1.0/src/rp2_common/pico_standard_binary_info/standard_binary_info.c.obj
 .binary_info.keep.__bi_ptr78
                0x1000240c        0x4 CMakeFiles/Animation-BitDogLab.dir/C_/Users/leona/.pico-sdk/sdk/2.1.0/src/rp2_common/pico_standard_binary_info/standard_binary_info.c.obj
 .binary_info.keep.__bi_ptr60
                0x10002410        0x4 CMakeFiles/Animation-BitDogLab.dir/C_/Users/leona/.pico-sdk/sdk/2.1.0/src/rp2_common/pico_standard_binary_info/standard_binary_info.c.obj
 .binary_info.keep.__bi_ptr54
                0x10002414        0x4 CMakeFiles/Animation-BitDogLab.dir/C_/Users/leona/.pico-sdk/sdk/2.1.0/src/rp2_common/pico_standard_binary_info/standard_binary_info.c.obj
 .binary_info.keep.__bi_ptr48
                0x10002418        0x4 CMakeFiles/Animation-BitDogLab.dir/C_/Users/leona/.pico-sdk/sdk/2.1.0/src/rp2_common/pico_standard_binary_info/standard_binary_info.c.obj
 .binary_info.keep.__bi_ptr42
                0x1000241c        0x4 CMakeFiles/Animation-BitDogLab.dir/C_/Users/leona/.pico-sdk/sdk/2.1.0/src/rp2_common/pico_standard_binary_info/standard_binary_info.c.obj
 .binary_info.keep.__bi_ptr34
                0x10002420        0x4 CMakeFiles/Animation-BitDogLab.dir/C_/Users/leona/.pico-sdk/sdk/2.1.0/src/rp2_common/pico_standard_binary_info/standard_binary_info.c.obj
 .binary_info.keep.__bi_ptr26
                0x10002424        0x4 CMakeFiles/Animation-BitDogLab.dir/C_/Users/leona/.pico-sdk/sdk/2.1.0/src/rp2_common/pico_standard_binary_info/standard_binary_info.c.obj
 *(.binary_info.*)
                0x10002428                        __binary_info_end = .

.rel.dyn        0x10002428        0x0
 .rel.iplt      0x10002428        0x0 C:/Users/leona/.pico-sdk/toolchain/13_3_Rel1/bin/../lib/gcc/arm-none-eabi/13.3.1/thumb/v6-m/nofp/crtbegin.o
                0x10002428                        . = ALIGN (0x4)

.ram_vector_table
                0x20000000       0xc0
 *(.ram_vector_table)
 .ram_vector_table
                0x20000000       0xc0 CMakeFiles/Animation-BitDogLab.dir/C_/Users/leona/.pico-sdk/sdk/2.1.0/src/rp2_common/pico_runtime_init/runtime_init.c.obj
                0x20000000                ram_vector_table

.uninitialized_data
                0x200000c0        0x0
                0x200000c0                        . = ALIGN (0x4)
 *(.uninitialized_data*)

.data           0x200000c0      0x128 load address 0x10002428
                0x200000c0                        __data_start__ = .
 *(vtable)
 *(.time_critical*)
 .time_critical.mutex_try_enter_block_until
                0x200000c0       0x9c CMakeFiles/Animation-BitDogLab.dir/C_/Users/leona/.pico-sdk/sdk/2.1.0/src/common/pico_sync/mutex.c.obj
                0x200000c0                mutex_try_enter_block_until
 .time_critical.mutex_exit
                0x2000015c       0x28 CMakeFiles/Animation-BitDogLab.dir/C_/Users/leona/.pico-sdk/sdk/2.1.0/src/common/pico_sync/mutex.c.obj
                0x2000015c                mutex_exit
 *(.text*)
 .text          0x20000184        0x4 C:/Users/leona/.pico-sdk/toolchain/13_3_Rel1/bin/../lib/gcc/arm-none-eabi/13.3.1/thumb/v6-m/nofp\libgcc.a(_dvmd_tls.o)
                0x20000184                __aeabi_idiv0
                0x20000184                __aeabi_ldiv0
 .text.__stub   0x20000188       0x10 linker stubs
                0x20000198                        . = ALIGN (0x4)
 *(.rodata*)
                0x20000198                        . = ALIGN (0x4)
 *(.data*)
 .data.striped_spin_lock_num
                0x20000198        0x1 CMakeFiles/Animation-BitDogLab.dir/C_/Users/leona/.pico-sdk/sdk/2.1.0/src/rp2_common/hardware_sync/sync.c.obj
 *fill*         0x20000199        0x3 
 .data.default_alarm_pool
                0x2000019c       0x18 CMakeFiles/Animation-BitDogLab.dir/C_/Users/leona/.pico-sdk/sdk/2.1.0/src/common/pico_time/time.c.obj
 *fill*         0x200001b4        0xc 
 .data.aeabi_bits_funcs
                0x200001c0       0x10 CMakeFiles/Animation-BitDogLab.dir/C_/Users/leona/.pico-sdk/sdk/2.1.0/src/rp2_common/pico_bit_ops/bit_ops_aeabi.S.obj
                0x200001c0                aeabi_bits_funcs
                0x200001d0                aeabi_bits_funcs_end
 .data.aeabi_mem_funcs
                0x200001d0       0x10 CMakeFiles/Animation-BitDogLab.dir/C_/Users/leona/.pico-sdk/sdk/2.1.0/src/rp2_common/pico_mem_ops/mem_ops_aeabi.S.obj
                0x200001d0                aeabi_mem_funcs
                0x200001e0                aeabi_mem_funcs_end
                0x200001e0                        . = ALIGN (0x4)
 *(.after_data.*)
                0x200001e0                        . = ALIGN (0x4)
                0x200001e0                        PROVIDE (__mutex_array_start = .)
 *(SORT_BY_NAME(.mutex_array.*))
 *(.mutex_array)
 .mutex_array   0x200001e0        0x8 CMakeFiles/Animation-BitDogLab.dir/C_/Users/leona/.pico-sdk/sdk/2.1.0/src/rp2_common/pico_stdio/stdio.c.obj
                0x200001e8                        PROVIDE (__mutex_array_end = .)
                0x200001e8                        . = ALIGN (0x4)
 *(.jcr)
                0x200001e8                        . = ALIGN (0x4)

.tm_clone_table
                0x200001e8        0x0 load address 0x10002550
 .tm_clone_table
                0x200001e8        0x0 C:/Users/leona/.pico-sdk/toolchain/13_3_Rel1/bin/../lib/gcc/arm-none-eabi/13.3.1/thumb/v6-m/nofp/crtbegin.o
 .tm_clone_table
                0x200001e8        0x0 C:/Users/leona/.pico-sdk/toolchain/13_3_Rel1/bin/../lib/gcc/arm-none-eabi/13.3.1/thumb/v6-m/nofp/crtend.o

.igot.plt       0x200001e8        0x0 load address 0x10002550
 .igot.plt      0x200001e8        0x0 C:/Users/leona/.pico-sdk/toolchain/13_3_Rel1/bin/../lib/gcc/arm-none-eabi/13.3.1/thumb/v6-m/nofp/crtbegin.o

.tdata          0x200001e8        0x0 load address 0x10002550
                0x200001e8                        . = ALIGN (0x4)
 *(.tdata .tdata.* .gnu.linkonce.td.*)
                0x200001e8                        __tdata_end = .
                0x200001e8                        PROVIDE (__data_end__ = .)
                0x10002428                        __etext = LOADADDR (.data)

.tbss           0x200001e8        0x0 load address 0x10002550
                0x200001e8                        . = ALIGN (0x4)
                0x200001e8                        __bss_start__ = .
                0x200001e8                        __tls_base = .
 *(.tbss .tbss.* .gnu.linkonce.tb.*)
 *(.tcommon)
                0x200001e8                        __tls_end = .

.bss            0x200001e8      0x448 load address 0x10002550
                0x200001e8                        . = ALIGN (0x4)
                0x200001e8                        __tbss_end = .
 *(SORT_BY_ALIGNMENT(SORT_BY_NAME(.bss*)))
 .bss.default_alarm_pool_entries
                0x200001e8      0x180 CMakeFiles/Animation-BitDogLab.dir/C_/Users/leona/.pico-sdk/sdk/2.1.0/src/common/pico_time/time.c.obj
 .bss.sd_table  0x20000368      0x100 CMakeFiles/Animation-BitDogLab.dir/C_/Users/leona/.pico-sdk/sdk/2.1.0/src/rp2_common/pico_double/double_init_rom_rp2040.c.obj
                0x20000368                sd_table
 .bss._used_instruction_space
                0x20000468        0x8 CMakeFiles/Animation-BitDogLab.dir/C_/Users/leona/.pico-sdk/sdk/2.1.0/src/rp2_common/hardware_pio/pio.c.obj
 .bss.claimed   0x20000470        0x1 CMakeFiles/Animation-BitDogLab.dir/C_/Users/leona/.pico-sdk/sdk/2.1.0/src/rp2_common/hardware_timer/timer.c.obj
 *fill*         0x20000471        0x3 
 .bss.claimed   0x20000474        0x1 CMakeFiles/Animation-BitDogLab.dir/C_/Users/leona/.pico-sdk/sdk/2.1.0/src/rp2_common/hardware_pio/pio.c.obj
 *fill*         0x20000475        0x3 
 .bss.configured_freq
                0x20000478       0x28 CMakeFiles/Animation-BitDogLab.dir/C_/Users/leona/.pico-sdk/sdk/2.1.0/src/rp2_common/hardware_clocks/clocks.c.obj
 .bss.drivers   0x200004a0        0x4 CMakeFiles/Animation-BitDogLab.dir/C_/Users/leona/.pico-sdk/sdk/2.1.0/src/rp2_common/pico_stdio/stdio.c.obj
 .bss.filter    0x200004a4        0x4 CMakeFiles/Animation-BitDogLab.dir/C_/Users/leona/.pico-sdk/sdk/2.1.0/src/rp2_common/pico_stdio/stdio.c.obj
 .bss.lazy_vsnprintf
                0x200004a8        0x4 CMakeFiles/Animation-BitDogLab.dir/C_/Users/leona/.pico-sdk/sdk/2.1.0/src/rp2_common/pico_printf/printf.c.obj
 .bss.led_matrix
                0x200004ac       0x4b CMakeFiles/Animation-BitDogLab.dir/Animation-BitDogLab.c.obj
                0x200004ac                led_matrix
 *fill*         0x200004f7        0x1 
 .bss.object.0  0x200004f8       0x18 C:/Users/leona/.pico-sdk/toolchain/13_3_Rel1/bin/../lib/gcc/arm-none-eabi/13.3.1/thumb/v6-m/nofp/crtbegin.o
 .bss.pio_instance
                0x20000510        0x4 CMakeFiles/Animation-BitDogLab.dir/Animation-BitDogLab.c.obj
                0x20000510                pio_instance
 .bss.pools     0x20000514       0x10 CMakeFiles/Animation-BitDogLab.dir/C_/Users/leona/.pico-sdk/sdk/2.1.0/src/common/pico_time/time.c.obj
 .bss.sf_clz_func
                0x20000524        0x4 CMakeFiles/Animation-BitDogLab.dir/C_/Users/leona/.pico-sdk/sdk/2.1.0/src/rp2_common/pico_double/double_init_rom_rp2040.c.obj
                0x20000524                sf_clz_func
 .bss.sf_table  0x20000528      0x100 CMakeFiles/Animation-BitDogLab.dir/C_/Users/leona/.pico-sdk/sdk/2.1.0/src/rp2_common/pico_float/float_init_rom_rp2040.c.obj
                0x20000528                sf_table
 .bss.sleep_notifier
                0x20000628        0x4 CMakeFiles/Animation-BitDogLab.dir/C_/Users/leona/.pico-sdk/sdk/2.1.0/src/common/pico_time/time.c.obj
 .bss.state_machine
                0x2000062c        0x4 CMakeFiles/Animation-BitDogLab.dir/Animation-BitDogLab.c.obj
                0x2000062c                state_machine
 *(COMMON)
                0x20000630                        . = ALIGN (0x4)
                0x20000630                        __bss_end__ = .

.heap           0x20000630      0x800 load address 0x10002550
                0x20000630                        __end__ = .
                0x20000630                        end = __end__
 *(.heap*)
 .heap          0x20000630      0x800 CMakeFiles/Animation-BitDogLab.dir/C_/Users/leona/.pico-sdk/sdk/2.1.0/src/rp2_common/pico_crt0/crt0.S.obj
                0x20040000                        __HeapLimit = (ORIGIN (RAM) + LENGTH (RAM))

.scratch_x      0x20040000        0x0 load address 0x10002550
                0x20040000                        __scratch_x_start__ = .
 *(.scratch_x.*)
                0x20040000                        . = ALIGN (0x4)
                0x20040000                        __scratch_x_end__ = .
                0x10002550                        __scratch_x_source__ = LOADADDR (.scratch_x)

.scratch_y      0x20041000        0x0 load address 0x10002550
                0x20041000                        __scratch_y_start__ = .
 *(.scratch_y.*)
                0x20041000                        . = ALIGN (0x4)
                0x20041000                        __scratch_y_end__ = .
                0x10002550                        __scratch_y_source__ = LOADADDR (.scratch_y)

.stack1_dummy
 *(.stack1*)

.stack_dummy    0x20041000      0x800
 *(.stack*)
 .stack         0x20041000      0x800 CMakeFiles/Animation-BitDogLab.dir/C_/Users/leona/.pico-sdk/sdk/2.1.0/src/rp2_common/pico_crt0/crt0.S.obj

.flash_end      0x10002550        0x0
 *(.embedded_end_block*)
                0x10002550                        PROVIDE (__flash_binary_end = .)
                0x20040000                        __StackLimit = (ORIGIN (RAM) + LENGTH (RAM))
                0x20041000                        __StackOneTop = (ORIGIN (SCRATCH_X) + LENGTH (SCRATCH_X))
                0x20042000                        __StackTop = (ORIGIN (SCRATCH_Y) + LENGTH (SCRATCH_Y))
                0x20041000                        __StackOneBottom = (__StackOneTop - SIZEOF (.stack1_dummy))
                0x20041800                        __StackBottom = (__StackTop - SIZEOF (.stack_dummy))
                0x20042000                        PROVIDE (__stack = __StackTop)
                [!provide]                        PROVIDE (__heap_start = __end__)
                [!provide]                        PROVIDE (__heap_end = __HeapLimit)
                [!provide]                        PROVIDE (__tls_align = MAX (ALIGNOF (.tdata), ALIGNOF (.tbss)))
                [!provide]                        PROVIDE (__tls_size_align = (((__tls_size + __tls_align) - 0x1) & ~ ((__tls_align - 0x1))))
                [!provide]                        PROVIDE (__arm32_tls_tcb_offset = MAX (0x8, __tls_align))
                [!provide]                        PROVIDE (_end = __end__)
                [!provide]                        PROVIDE (__llvm_libc_heap_limit = __HeapLimit)
                0x00000001                        ASSERT ((__StackLimit >= __HeapLimit), region RAM overflowed)
                0x00000001                        ASSERT (((__binary_info_header_end - __logical_binary_start) <= 0x100), Binary info must be in first 256 bytes of the binary)
LOAD CMakeFiles/Animation-BitDogLab.dir/Animation-BitDogLab.c.obj
LOAD CMakeFiles/Animation-BitDogLab.dir/C_/Users/leona/.pico-sdk/sdk/2.1.0/src/rp2_common/pico_stdlib/stdlib.c.obj
LOAD CMakeFiles/Animation-BitDogLab.dir/C_/Users/leona/.pico-sdk/sdk/2.1.0/src/rp2_common/hardware_gpio/gpio.c.obj
LOAD CMakeFiles/Animation-BitDogLab.dir/C_/Users/leona/.pico-sdk/sdk/2.1.0/src/rp2040/pico_platform/platform.c.obj
LOAD CMakeFiles/Animation-BitDogLab.dir/C_/Users/leona/.pico-sdk/sdk/2.1.0/src/rp2_common/pico_platform_panic/panic.c.obj
LOAD CMakeFiles/Animation-BitDogLab.dir/C_/Users/leona/.pico-sdk/sdk/2.1.0/src/common/hardware_claim/claim.c.obj
LOAD CMakeFiles/Animation-BitDogLab.dir/C_/Users/leona/.pico-sdk/sdk/2.1.0/src/rp2_common/hardware_sync/sync.c.obj
LOAD CMakeFiles/Animation-BitDogLab.dir/C_/Users/leona/.pico-sdk/sdk/2.1.0/src/rp2_common/hardware_sync_spin_lock/sync_spin_lock.c.obj
LOAD CMakeFiles/Animation-BitDogLab.dir/C_/Users/leona/.pico-sdk/sdk/2.1.0/src/rp2_common/hardware_irq/irq.c.obj
LOAD CMakeFiles/Animation-BitDogLab.dir/C_/Users/leona/.pico-sdk/sdk/2.1.0/src/rp2_common/hardware_irq/irq_handler_chain.S.obj
LOAD CMakeFiles/Animation-BitDogLab.dir/C_/Users/leona/.pico-sdk/sdk/2.1.0/src/common/pico_sync/sem.c.obj
LOAD CMakeFiles/Animation-BitDogLab.dir/C_/Users/leona/.pico-sdk/sdk/2.1.0/src/common/pico_sync/lock_core.c.obj
LOAD CMakeFiles/Animation-BitDogLab.dir/C_/Users/leona/.pico-sdk/sdk/2.1.0/src/common/pico_sync/mutex.c.obj
LOAD CMakeFiles/Animation-BitDogLab.dir/C_/Users/leona/.pico-sdk/sdk/2.1.0/src/common/pico_sync/critical_section.c.obj
LOAD CMakeFiles/Animation-BitDogLab.dir/C_/Users/leona/.pico-sdk/sdk/2.1.0/src/common/pico_time/time.c.obj
LOAD CMakeFiles/Animation-BitDogLab.dir/C_/Users/leona/.pico-sdk/sdk/2.1.0/src/common/pico_time/timeout_helper.c.obj
LOAD CMakeFiles/Animation-BitDogLab.dir/C_/Users/leona/.pico-sdk/sdk/2.1.0/src/rp2_common/hardware_timer/timer.c.obj
LOAD CMakeFiles/Animation-BitDogLab.dir/C_/Users/leona/.pico-sdk/sdk/2.1.0/src/common/pico_util/datetime.c.obj
LOAD CMakeFiles/Animation-BitDogLab.dir/C_/Users/leona/.pico-sdk/sdk/2.1.0/src/common/pico_util/pheap.c.obj
LOAD CMakeFiles/Animation-BitDogLab.dir/C_/Users/leona/.pico-sdk/sdk/2.1.0/src/common/pico_util/queue.c.obj
LOAD CMakeFiles/Animation-BitDogLab.dir/C_/Users/leona/.pico-sdk/sdk/2.1.0/src/rp2_common/hardware_uart/uart.c.obj
LOAD CMakeFiles/Animation-BitDogLab.dir/C_/Users/leona/.pico-sdk/sdk/2.1.0/src/rp2_common/hardware_clocks/clocks.c.obj
LOAD CMakeFiles/Animation-BitDogLab.dir/C_/Users/leona/.pico-sdk/sdk/2.1.0/src/rp2_common/hardware_pll/pll.c.obj
LOAD CMakeFiles/Animation-BitDogLab.dir/C_/Users/leona/.pico-sdk/sdk/2.1.0/src/rp2_common/hardware_vreg/vreg.c.obj
LOAD CMakeFiles/Animation-BitDogLab.dir/C_/Users/leona/.pico-sdk/sdk/2.1.0/src/rp2_common/hardware_watchdog/watchdog.c.obj
LOAD CMakeFiles/Animation-BitDogLab.dir/C_/Users/leona/.pico-sdk/sdk/2.1.0/src/rp2_common/hardware_ticks/ticks.c.obj
LOAD CMakeFiles/Animation-BitDogLab.dir/C_/Users/leona/.pico-sdk/sdk/2.1.0/src/rp2_common/pico_bootrom/bootrom.c.obj
LOAD CMakeFiles/Animation-BitDogLab.dir/C_/Users/leona/.pico-sdk/sdk/2.1.0/src/rp2_common/pico_bootrom/bootrom_lock.c.obj
LOAD CMakeFiles/Animation-BitDogLab.dir/C_/Users/leona/.pico-sdk/sdk/2.1.0/src/rp2_common/hardware_boot_lock/boot_lock.c.obj
LOAD CMakeFiles/Animation-BitDogLab.dir/C_/Users/leona/.pico-sdk/sdk/2.1.0/src/rp2_common/pico_flash/flash.c.obj
LOAD CMakeFiles/Animation-BitDogLab.dir/C_/Users/leona/.pico-sdk/sdk/2.1.0/src/rp2_common/hardware_xosc/xosc.c.obj
LOAD CMakeFiles/Animation-BitDogLab.dir/C_/Users/leona/.pico-sdk/sdk/2.1.0/src/rp2_common/hardware_divider/divider.S.obj
LOAD CMakeFiles/Animation-BitDogLab.dir/C_/Users/leona/.pico-sdk/sdk/2.1.0/src/rp2_common/pico_runtime/runtime.c.obj
LOAD CMakeFiles/Animation-BitDogLab.dir/C_/Users/leona/.pico-sdk/sdk/2.1.0/src/rp2_common/pico_runtime_init/runtime_init.c.obj
LOAD CMakeFiles/Animation-BitDogLab.dir/C_/Users/leona/.pico-sdk/sdk/2.1.0/src/rp2_common/pico_runtime_init/runtime_init_clocks.c.obj
LOAD CMakeFiles/Animation-BitDogLab.dir/C_/Users/leona/.pico-sdk/sdk/2.1.0/src/rp2_common/pico_runtime_init/runtime_init_stack_guard.c.obj
LOAD CMakeFiles/Animation-BitDogLab.dir/C_/Users/leona/.pico-sdk/sdk/2.1.0/src/rp2_common/pico_bit_ops/bit_ops_aeabi.S.obj
LOAD CMakeFiles/Animation-BitDogLab.dir/C_/Users/leona/.pico-sdk/sdk/2.1.0/src/rp2_common/pico_divider/divider_hardware.S.obj
LOAD CMakeFiles/Animation-BitDogLab.dir/C_/Users/leona/.pico-sdk/sdk/2.1.0/src/rp2_common/pico_double/double_aeabi_rp2040.S.obj
LOAD CMakeFiles/Animation-BitDogLab.dir/C_/Users/leona/.pico-sdk/sdk/2.1.0/src/rp2_common/pico_double/double_init_rom_rp2040.c.obj
LOAD CMakeFiles/Animation-BitDogLab.dir/C_/Users/leona/.pico-sdk/sdk/2.1.0/src/rp2_common/pico_double/double_math.c.obj
LOAD CMakeFiles/Animation-BitDogLab.dir/C_/Users/leona/.pico-sdk/sdk/2.1.0/src/rp2_common/pico_double/double_v1_rom_shim_rp2040.S.obj
LOAD CMakeFiles/Animation-BitDogLab.dir/C_/Users/leona/.pico-sdk/sdk/2.1.0/src/rp2_common/pico_int64_ops/pico_int64_ops_aeabi.S.obj
LOAD CMakeFiles/Animation-BitDogLab.dir/C_/Users/leona/.pico-sdk/sdk/2.1.0/src/rp2_common/pico_float/float_aeabi_rp2040.S.obj
LOAD CMakeFiles/Animation-BitDogLab.dir/C_/Users/leona/.pico-sdk/sdk/2.1.0/src/rp2_common/pico_float/float_init_rom_rp2040.c.obj
LOAD CMakeFiles/Animation-BitDogLab.dir/C_/Users/leona/.pico-sdk/sdk/2.1.0/src/rp2_common/pico_float/float_math.c.obj
LOAD CMakeFiles/Animation-BitDogLab.dir/C_/Users/leona/.pico-sdk/sdk/2.1.0/src/rp2_common/pico_float/float_v1_rom_shim_rp2040.S.obj
LOAD CMakeFiles/Animation-BitDogLab.dir/C_/Users/leona/.pico-sdk/sdk/2.1.0/src/rp2_common/pico_malloc/malloc.c.obj
LOAD CMakeFiles/Animation-BitDogLab.dir/C_/Users/leona/.pico-sdk/sdk/2.1.0/src/rp2_common/pico_mem_ops/mem_ops_aeabi.S.obj
LOAD CMakeFiles/Animation-BitDogLab.dir/C_/Users/leona/.pico-sdk/sdk/2.1.0/src/rp2_common/pico_atomic/atomic.c.obj
LOAD CMakeFiles/Animation-BitDogLab.dir/C_/Users/leona/.pico-sdk/sdk/2.1.0/src/rp2_common/pico_cxx_options/new_delete.cpp.obj
LOAD CMakeFiles/Animation-BitDogLab.dir/C_/Users/leona/.pico-sdk/sdk/2.1.0/src/rp2_common/pico_standard_binary_info/standard_binary_info.c.obj
LOAD CMakeFiles/Animation-BitDogLab.dir/C_/Users/leona/.pico-sdk/sdk/2.1.0/src/rp2_common/pico_printf/printf.c.obj
LOAD CMakeFiles/Animation-BitDogLab.dir/C_/Users/leona/.pico-sdk/sdk/2.1.0/src/rp2_common/pico_crt0/crt0.S.obj
LOAD CMakeFiles/Animation-BitDogLab.dir/C_/Users/leona/.pico-sdk/sdk/2.1.0/src/rp2_common/pico_clib_interface/newlib_interface.c.obj
LOAD CMakeFiles/Animation-BitDogLab.dir/C_/Users/leona/.pico-sdk/sdk/2.1.0/src/rp2_common/pico_stdio/stdio.c.obj
LOAD CMakeFiles/Animation-BitDogLab.dir/C_/Users/leona/.pico-sdk/sdk/2.1.0/src/rp2_common/hardware_pio/pio.c.obj
LOAD pico-sdk/src/rp2040/boot_stage2/CMakeFiles/bs2_default_library.dir/./bs2_default_padded_checksummed.S.obj
LOAD C:/Users/leona/.pico-sdk/toolchain/13_3_Rel1/bin/../lib/gcc/arm-none-eabi/13.3.1/thumb/v6-m/nofp\libstdc++.a
LOAD C:/Users/leona/.pico-sdk/toolchain/13_3_Rel1/bin/../lib/gcc/arm-none-eabi/13.3.1/thumb/v6-m/nofp\libm.a
START GROUP
LOAD C:/Users/leona/.pico-sdk/toolchain/13_3_Rel1/bin/../lib/gcc/arm-none-eabi/13.3.1/thumb/v6-m/nofp\libgcc.a
LOAD C:/Users/leona/.pico-sdk/toolchain/13_3_Rel1/bin/../lib/gcc/arm-none-eabi/13.3.1/thumb/v6-m/nofp\libg.a
LOAD C:/Users/leona/.pico-sdk/toolchain/13_3_Rel1/bin/../lib/gcc/arm-none-eabi/13.3.1/thumb/v6-m/nofp\libc.a
END GROUP
START GROUP
LOAD C:/Users/leona/.pico-sdk/toolchain/13_3_Rel1/bin/../lib/gcc/arm-none-eabi/13.3.1/thumb/v6-m/nofp\libgcc.a
LOAD C:/Users/leona/.pico-sdk/toolchain/13_3_Rel1/bin/../lib/gcc/arm-none-eabi/13.3.1/thumb/v6-m/nofp\libc.a
LOAD C:/Users/leona/.pico-sdk/toolchain/13_3_Rel1/bin/../lib/gcc/arm-none-eabi/13.3.1/thumb/v6-m/nofp\libnosys.a
END GROUP
LOAD C:/Users/leona/.pico-sdk/toolchain/13_3_Rel1/bin/../lib/gcc/arm-none-eabi/13.3.1/thumb/v6-m/nofp/crtend.o
LOAD C:/Users/leona/.pico-sdk/toolchain/13_3_Rel1/bin/../lib/gcc/arm-none-eabi/13.3.1/thumb/v6-m/nofp/crtn.o
OUTPUT(Animation-BitDogLab.elf elf32-littlearm)
LOAD linker stubs

.ARM.attributes
                0x00000000       0x28
 .ARM.attributes
                0x00000000       0x1e C:/Users/leona/.pico-sdk/toolchain/13_3_Rel1/bin/../lib/gcc/arm-none-eabi/13.3.1/thumb/v6-m/nofp/crti.o
 .ARM.attributes
                0x0000001e       0x2c C:/Users/leona/.pico-sdk/toolchain/13_3_Rel1/bin/../lib/gcc/arm-none-eabi/13.3.1/thumb/v6-m/nofp/crtbegin.o
 .ARM.attributes
                0x0000004a       0x2c CMakeFiles/Animation-BitDogLab.dir/Animation-BitDogLab.c.obj
 .ARM.attributes
                0x00000076       0x2c CMakeFiles/Animation-BitDogLab.dir/C_/Users/leona/.pico-sdk/sdk/2.1.0/src/rp2_common/hardware_gpio/gpio.c.obj
 .ARM.attributes
                0x000000a2       0x2c CMakeFiles/Animation-BitDogLab.dir/C_/Users/leona/.pico-sdk/sdk/2.1.0/src/rp2_common/pico_platform_panic/panic.c.obj
 .ARM.attributes
                0x000000ce       0x2c CMakeFiles/Animation-BitDogLab.dir/C_/Users/leona/.pico-sdk/sdk/2.1.0/src/common/hardware_claim/claim.c.obj
 .ARM.attributes
                0x000000fa       0x2c CMakeFiles/Animation-BitDogLab.dir/C_/Users/leona/.pico-sdk/sdk/2.1.0/src/rp2_common/hardware_sync/sync.c.obj
 .ARM.attributes
                0x00000126       0x2c CMakeFiles/Animation-BitDogLab.dir/C_/Users/leona/.pico-sdk/sdk/2.1.0/src/rp2_common/hardware_sync_spin_lock/sync_spin_lock.c.obj
 .ARM.attributes
                0x00000152       0x2c CMakeFiles/Animation-BitDogLab.dir/C_/Users/leona/.pico-sdk/sdk/2.1.0/src/rp2_common/hardware_irq/irq.c.obj
 .ARM.attributes
                0x0000017e       0x2c CMakeFiles/Animation-BitDogLab.dir/C_/Users/leona/.pico-sdk/sdk/2.1.0/src/common/pico_sync/lock_core.c.obj
 .ARM.attributes
                0x000001aa       0x2c CMakeFiles/Animation-BitDogLab.dir/C_/Users/leona/.pico-sdk/sdk/2.1.0/src/common/pico_sync/mutex.c.obj
 .ARM.attributes
                0x000001d6       0x2c CMakeFiles/Animation-BitDogLab.dir/C_/Users/leona/.pico-sdk/sdk/2.1.0/src/common/pico_time/time.c.obj
 .ARM.attributes
                0x00000202       0x2c CMakeFiles/Animation-BitDogLab.dir/C_/Users/leona/.pico-sdk/sdk/2.1.0/src/rp2_common/hardware_timer/timer.c.obj
 .ARM.attributes
                0x0000022e       0x2c CMakeFiles/Animation-BitDogLab.dir/C_/Users/leona/.pico-sdk/sdk/2.1.0/src/rp2_common/hardware_clocks/clocks.c.obj
 .ARM.attributes
                0x0000025a       0x2c CMakeFiles/Animation-BitDogLab.dir/C_/Users/leona/.pico-sdk/sdk/2.1.0/src/rp2_common/hardware_pll/pll.c.obj
 .ARM.attributes
                0x00000286       0x2c CMakeFiles/Animation-BitDogLab.dir/C_/Users/leona/.pico-sdk/sdk/2.1.0/src/rp2_common/hardware_ticks/ticks.c.obj
 .ARM.attributes
                0x000002b2       0x2c CMakeFiles/Animation-BitDogLab.dir/C_/Users/leona/.pico-sdk/sdk/2.1.0/src/rp2_common/pico_bootrom/bootrom.c.obj
 .ARM.attributes
                0x000002de       0x2c CMakeFiles/Animation-BitDogLab.dir/C_/Users/leona/.pico-sdk/sdk/2.1.0/src/rp2_common/hardware_xosc/xosc.c.obj
 .ARM.attributes
                0x0000030a       0x2c CMakeFiles/Animation-BitDogLab.dir/C_/Users/leona/.pico-sdk/sdk/2.1.0/src/rp2_common/pico_runtime/runtime.c.obj
 .ARM.attributes
                0x00000336       0x2c CMakeFiles/Animation-BitDogLab.dir/C_/Users/leona/.pico-sdk/sdk/2.1.0/src/rp2_common/pico_runtime_init/runtime_init.c.obj
 .ARM.attributes
                0x00000362       0x2c CMakeFiles/Animation-BitDogLab.dir/C_/Users/leona/.pico-sdk/sdk/2.1.0/src/rp2_common/pico_runtime_init/runtime_init_clocks.c.obj
 .ARM.attributes
                0x0000038e       0x22 CMakeFiles/Animation-BitDogLab.dir/C_/Users/leona/.pico-sdk/sdk/2.1.0/src/rp2_common/pico_bit_ops/bit_ops_aeabi.S.obj
 .ARM.attributes
                0x000003b0       0x22 CMakeFiles/Animation-BitDogLab.dir/C_/Users/leona/.pico-sdk/sdk/2.1.0/src/rp2_common/pico_divider/divider_hardware.S.obj
 .ARM.attributes
                0x000003d2       0x22 CMakeFiles/Animation-BitDogLab.dir/C_/Users/leona/.pico-sdk/sdk/2.1.0/src/rp2_common/pico_double/double_aeabi_rp2040.S.obj
 .ARM.attributes
                0x000003f4       0x2c CMakeFiles/Animation-BitDogLab.dir/C_/Users/leona/.pico-sdk/sdk/2.1.0/src/rp2_common/pico_double/double_init_rom_rp2040.c.obj
 .ARM.attributes
                0x00000420       0x22 CMakeFiles/Animation-BitDogLab.dir/C_/Users/leona/.pico-sdk/sdk/2.1.0/src/rp2_common/pico_double/double_v1_rom_shim_rp2040.S.obj
 .ARM.attributes
                0x00000442       0x22 CMakeFiles/Animation-BitDogLab.dir/C_/Users/leona/.pico-sdk/sdk/2.1.0/src/rp2_common/pico_int64_ops/pico_int64_ops_aeabi.S.obj
 .ARM.attributes
                0x00000464       0x22 CMakeFiles/Animation-BitDogLab.dir/C_/Users/leona/.pico-sdk/sdk/2.1.0/src/rp2_common/pico_float/float_aeabi_rp2040.S.obj
 .ARM.attributes
                0x00000486       0x2c CMakeFiles/Animation-BitDogLab.dir/C_/Users/leona/.pico-sdk/sdk/2.1.0/src/rp2_common/pico_float/float_init_rom_rp2040.c.obj
 .ARM.attributes
                0x000004b2       0x22 CMakeFiles/Animation-BitDogLab.dir/C_/Users/leona/.pico-sdk/sdk/2.1.0/src/rp2_common/pico_mem_ops/mem_ops_aeabi.S.obj
 .ARM.attributes
                0x000004d4       0x2c CMakeFiles/Animation-BitDogLab.dir/C_/Users/leona/.pico-sdk/sdk/2.1.0/src/rp2_common/pico_standard_binary_info/standard_binary_info.c.obj
 .ARM.attributes
                0x00000500       0x2c CMakeFiles/Animation-BitDogLab.dir/C_/Users/leona/.pico-sdk/sdk/2.1.0/src/rp2_common/pico_printf/printf.c.obj
 .ARM.attributes
                0x0000052c       0x22 CMakeFiles/Animation-BitDogLab.dir/C_/Users/leona/.pico-sdk/sdk/2.1.0/src/rp2_common/pico_crt0/crt0.S.obj
 .ARM.attributes
                0x0000054e       0x2c CMakeFiles/Animation-BitDogLab.dir/C_/Users/leona/.pico-sdk/sdk/2.1.0/src/rp2_common/pico_clib_interface/newlib_interface.c.obj
 .ARM.attributes
                0x0000057a       0x2c CMakeFiles/Animation-BitDogLab.dir/C_/Users/leona/.pico-sdk/sdk/2.1.0/src/rp2_common/pico_stdio/stdio.c.obj
 .ARM.attributes
                0x000005a6       0x2c CMakeFiles/Animation-BitDogLab.dir/C_/Users/leona/.pico-sdk/sdk/2.1.0/src/rp2_common/hardware_pio/pio.c.obj
 .ARM.attributes
                0x000005d2       0x22 pico-sdk/src/rp2040/boot_stage2/CMakeFiles/bs2_default_library.dir/./bs2_default_padded_checksummed.S.obj
 .ARM.attributes
                0x000005f4       0x1e C:/Users/leona/.pico-sdk/toolchain/13_3_Rel1/bin/../lib/gcc/arm-none-eabi/13.3.1/thumb/v6-m/nofp\libgcc.a(_dvmd_tls.o)
 .ARM.attributes
                0x00000612       0x2c C:/Users/leona/.pico-sdk/toolchain/13_3_Rel1/bin/../lib/gcc/arm-none-eabi/13.3.1/thumb/v6-m/nofp\libg.a(libc_a-strlen-stub.o)
 .ARM.attributes
                0x0000063e       0x2c C:/Users/leona/.pico-sdk/toolchain/13_3_Rel1/bin/../lib/gcc/arm-none-eabi/13.3.1/thumb/v6-m/nofp/crtend.o

.comment        0x00000000       0x45
 .comment       0x00000000       0x45 CMakeFiles/Animation-BitDogLab.dir/Animation-BitDogLab.c.obj
                                 0x46 (size before relaxing)
 .comment       0x00000045       0x46 CMakeFiles/Animation-BitDogLab.dir/C_/Users/leona/.pico-sdk/sdk/2.1.0/src/rp2_common/hardware_gpio/gpio.c.obj
 .comment       0x00000045       0x46 CMakeFiles/Animation-BitDogLab.dir/C_/Users/leona/.pico-sdk/sdk/2.1.0/src/rp2_common/pico_platform_panic/panic.c.obj
 .comment       0x00000045       0x46 CMakeFiles/Animation-BitDogLab.dir/C_/Users/leona/.pico-sdk/sdk/2.1.0/src/common/hardware_claim/claim.c.obj
 .comment       0x00000045       0x46 CMakeFiles/Animation-BitDogLab.dir/C_/Users/leona/.pico-sdk/sdk/2.1.0/src/rp2_common/hardware_sync/sync.c.obj
 .comment       0x00000045       0x46 CMakeFiles/Animation-BitDogLab.dir/C_/Users/leona/.pico-sdk/sdk/2.1.0/src/rp2_common/hardware_sync_spin_lock/sync_spin_lock.c.obj
 .comment       0x00000045       0x46 CMakeFiles/Animation-BitDogLab.dir/C_/Users/leona/.pico-sdk/sdk/2.1.0/src/rp2_common/hardware_irq/irq.c.obj
 .comment       0x00000045       0x46 CMakeFiles/Animation-BitDogLab.dir/C_/Users/leona/.pico-sdk/sdk/2.1.0/src/common/pico_sync/lock_core.c.obj
 .comment       0x00000045       0x46 CMakeFiles/Animation-BitDogLab.dir/C_/Users/leona/.pico-sdk/sdk/2.1.0/src/common/pico_sync/mutex.c.obj
 .comment       0x00000045       0x46 CMakeFiles/Animation-BitDogLab.dir/C_/Users/leona/.pico-sdk/sdk/2.1.0/src/common/pico_time/time.c.obj
 .comment       0x00000045       0x46 CMakeFiles/Animation-BitDogLab.dir/C_/Users/leona/.pico-sdk/sdk/2.1.0/src/rp2_common/hardware_timer/timer.c.obj
 .comment       0x00000045       0x46 CMakeFiles/Animation-BitDogLab.dir/C_/Users/leona/.pico-sdk/sdk/2.1.0/src/rp2_common/hardware_clocks/clocks.c.obj
 .comment       0x00000045       0x46 CMakeFiles/Animation-BitDogLab.dir/C_/Users/leona/.pico-sdk/sdk/2.1.0/src/rp2_common/hardware_pll/pll.c.obj
 .comment       0x00000045       0x46 CMakeFiles/Animation-BitDogLab.dir/C_/Users/leona/.pico-sdk/sdk/2.1.0/src/rp2_common/hardware_ticks/ticks.c.obj
 .comment       0x00000045       0x46 CMakeFiles/Animation-BitDogLab.dir/C_/Users/leona/.pico-sdk/sdk/2.1.0/src/rp2_common/pico_bootrom/bootrom.c.obj
 .comment       0x00000045       0x46 CMakeFiles/Animation-BitDogLab.dir/C_/Users/leona/.pico-sdk/sdk/2.1.0/src/rp2_common/hardware_xosc/xosc.c.obj
 .comment       0x00000045       0x46 CMakeFiles/Animation-BitDogLab.dir/C_/Users/leona/.pico-sdk/sdk/2.1.0/src/rp2_common/pico_runtime/runtime.c.obj
 .comment       0x00000045       0x46 CMakeFiles/Animation-BitDogLab.dir/C_/Users/leona/.pico-sdk/sdk/2.1.0/src/rp2_common/pico_runtime_init/runtime_init.c.obj
 .comment       0x00000045       0x46 CMakeFiles/Animation-BitDogLab.dir/C_/Users/leona/.pico-sdk/sdk/2.1.0/src/rp2_common/pico_runtime_init/runtime_init_clocks.c.obj
 .comment       0x00000045       0x46 CMakeFiles/Animation-BitDogLab.dir/C_/Users/leona/.pico-sdk/sdk/2.1.0/src/rp2_common/pico_double/double_init_rom_rp2040.c.obj
 .comment       0x00000045       0x46 CMakeFiles/Animation-BitDogLab.dir/C_/Users/leona/.pico-sdk/sdk/2.1.0/src/rp2_common/pico_float/float_init_rom_rp2040.c.obj
 .comment       0x00000045       0x46 CMakeFiles/Animation-BitDogLab.dir/C_/Users/leona/.pico-sdk/sdk/2.1.0/src/rp2_common/pico_standard_binary_info/standard_binary_info.c.obj
 .comment       0x00000045       0x46 CMakeFiles/Animation-BitDogLab.dir/C_/Users/leona/.pico-sdk/sdk/2.1.0/src/rp2_common/pico_printf/printf.c.obj
 .comment       0x00000045       0x46 CMakeFiles/Animation-BitDogLab.dir/C_/Users/leona/.pico-sdk/sdk/2.1.0/src/rp2_common/pico_clib_interface/newlib_interface.c.obj
 .comment       0x00000045       0x46 CMakeFiles/Animation-BitDogLab.dir/C_/Users/leona/.pico-sdk/sdk/2.1.0/src/rp2_common/pico_stdio/stdio.c.obj
 .comment       0x00000045       0x46 CMakeFiles/Animation-BitDogLab.dir/C_/Users/leona/.pico-sdk/sdk/2.1.0/src/rp2_common/hardware_pio/pio.c.obj

.debug_info     0x00000000    0x1e4d7
 .debug_info    0x00000000     0x24b3 CMakeFiles/Animation-BitDogLab.dir/Animation-BitDogLab.c.obj
 .debug_info    0x000024b3     0x2437 CMakeFiles/Animation-BitDogLab.dir/C_/Users/leona/.pico-sdk/sdk/2.1.0/src/rp2_common/hardware_gpio/gpio.c.obj
 .debug_info    0x000048ea      0x1bf CMakeFiles/Animation-BitDogLab.dir/C_/Users/leona/.pico-sdk/sdk/2.1.0/src/rp2_common/pico_platform_panic/panic.c.obj
 .debug_info    0x00004aa9      0x995 CMakeFiles/Animation-BitDogLab.dir/C_/Users/leona/.pico-sdk/sdk/2.1.0/src/common/hardware_claim/claim.c.obj
 .debug_info    0x0000543e      0x458 CMakeFiles/Animation-BitDogLab.dir/C_/Users/leona/.pico-sdk/sdk/2.1.0/src/rp2_common/hardware_sync/sync.c.obj
 .debug_info    0x00005896      0x245 CMakeFiles/Animation-BitDogLab.dir/C_/Users/leona/.pico-sdk/sdk/2.1.0/src/rp2_common/hardware_sync_spin_lock/sync_spin_lock.c.obj
 .debug_info    0x00005adb     0x21a8 CMakeFiles/Animation-BitDogLab.dir/C_/Users/leona/.pico-sdk/sdk/2.1.0/src/rp2_common/hardware_irq/irq.c.obj
 .debug_info    0x00007c83      0x15f CMakeFiles/Animation-BitDogLab.dir/C_/Users/leona/.pico-sdk/sdk/2.1.0/src/common/pico_sync/lock_core.c.obj
 .debug_info    0x00007de2     0x2803 CMakeFiles/Animation-BitDogLab.dir/C_/Users/leona/.pico-sdk/sdk/2.1.0/src/common/pico_sync/mutex.c.obj
 .debug_info    0x0000a5e5     0x485e CMakeFiles/Animation-BitDogLab.dir/C_/Users/leona/.pico-sdk/sdk/2.1.0/src/common/pico_time/time.c.obj
 .debug_info    0x0000ee43     0x2b11 CMakeFiles/Animation-BitDogLab.dir/C_/Users/leona/.pico-sdk/sdk/2.1.0/src/rp2_common/hardware_timer/timer.c.obj
 .debug_info    0x00011954     0x2935 CMakeFiles/Animation-BitDogLab.dir/C_/Users/leona/.pico-sdk/sdk/2.1.0/src/rp2_common/hardware_clocks/clocks.c.obj
 .debug_info    0x00014289      0x4e5 CMakeFiles/Animation-BitDogLab.dir/C_/Users/leona/.pico-sdk/sdk/2.1.0/src/rp2_common/hardware_pll/pll.c.obj
 .debug_info    0x0001476e      0x248 CMakeFiles/Animation-BitDogLab.dir/C_/Users/leona/.pico-sdk/sdk/2.1.0/src/rp2_common/hardware_ticks/ticks.c.obj
 .debug_info    0x000149b6      0x633 CMakeFiles/Animation-BitDogLab.dir/C_/Users/leona/.pico-sdk/sdk/2.1.0/src/rp2_common/pico_bootrom/bootrom.c.obj
 .debug_info    0x00014fe9      0x1cc CMakeFiles/Animation-BitDogLab.dir/C_/Users/leona/.pico-sdk/sdk/2.1.0/src/rp2_common/hardware_xosc/xosc.c.obj
 .debug_info    0x000151b5      0x21a CMakeFiles/Animation-BitDogLab.dir/C_/Users/leona/.pico-sdk/sdk/2.1.0/src/rp2_common/pico_runtime/runtime.c.obj
 .debug_info    0x000153cf      0x795 CMakeFiles/Animation-BitDogLab.dir/C_/Users/leona/.pico-sdk/sdk/2.1.0/src/rp2_common/pico_runtime_init/runtime_init.c.obj
 .debug_info    0x00015b64      0x780 CMakeFiles/Animation-BitDogLab.dir/C_/Users/leona/.pico-sdk/sdk/2.1.0/src/rp2_common/pico_runtime_init/runtime_init_clocks.c.obj
 .debug_info    0x000162e4       0x23 CMakeFiles/Animation-BitDogLab.dir/C_/Users/leona/.pico-sdk/sdk/2.1.0/src/rp2_common/pico_bit_ops/bit_ops_aeabi.S.obj
 .debug_info    0x00016307       0x23 CMakeFiles/Animation-BitDogLab.dir/C_/Users/leona/.pico-sdk/sdk/2.1.0/src/rp2_common/pico_divider/divider_hardware.S.obj
 .debug_info    0x0001632a       0x23 CMakeFiles/Animation-BitDogLab.dir/C_/Users/leona/.pico-sdk/sdk/2.1.0/src/rp2_common/pico_double/double_aeabi_rp2040.S.obj
 .debug_info    0x0001634d      0x2d0 CMakeFiles/Animation-BitDogLab.dir/C_/Users/leona/.pico-sdk/sdk/2.1.0/src/rp2_common/pico_double/double_init_rom_rp2040.c.obj
 .debug_info    0x0001661d       0x24 CMakeFiles/Animation-BitDogLab.dir/C_/Users/leona/.pico-sdk/sdk/2.1.0/src/rp2_common/pico_double/double_v1_rom_shim_rp2040.S.obj
 .debug_info    0x00016641       0x24 CMakeFiles/Animation-BitDogLab.dir/C_/Users/leona/.pico-sdk/sdk/2.1.0/src/rp2_common/pico_int64_ops/pico_int64_ops_aeabi.S.obj
 .debug_info    0x00016665       0x23 CMakeFiles/Animation-BitDogLab.dir/C_/Users/leona/.pico-sdk/sdk/2.1.0/src/rp2_common/pico_float/float_aeabi_rp2040.S.obj
 .debug_info    0x00016688      0x2bc CMakeFiles/Animation-BitDogLab.dir/C_/Users/leona/.pico-sdk/sdk/2.1.0/src/rp2_common/pico_float/float_init_rom_rp2040.c.obj
 .debug_info    0x00016944       0x23 CMakeFiles/Animation-BitDogLab.dir/C_/Users/leona/.pico-sdk/sdk/2.1.0/src/rp2_common/pico_mem_ops/mem_ops_aeabi.S.obj
 .debug_info    0x00016967      0x2e2 CMakeFiles/Animation-BitDogLab.dir/C_/Users/leona/.pico-sdk/sdk/2.1.0/src/rp2_common/pico_standard_binary_info/standard_binary_info.c.obj
 .debug_info    0x00016c49     0x211a CMakeFiles/Animation-BitDogLab.dir/C_/Users/leona/.pico-sdk/sdk/2.1.0/src/rp2_common/pico_printf/printf.c.obj
 .debug_info    0x00018d63       0x23 CMakeFiles/Animation-BitDogLab.dir/C_/Users/leona/.pico-sdk/sdk/2.1.0/src/rp2_common/pico_crt0/crt0.S.obj
 .debug_info    0x00018d86      0xb54 CMakeFiles/Animation-BitDogLab.dir/C_/Users/leona/.pico-sdk/sdk/2.1.0/src/rp2_common/pico_clib_interface/newlib_interface.c.obj
 .debug_info    0x000198da     0x1b8f CMakeFiles/Animation-BitDogLab.dir/C_/Users/leona/.pico-sdk/sdk/2.1.0/src/rp2_common/pico_stdio/stdio.c.obj
 .debug_info    0x0001b469     0x306e CMakeFiles/Animation-BitDogLab.dir/C_/Users/leona/.pico-sdk/sdk/2.1.0/src/rp2_common/hardware_pio/pio.c.obj

.debug_abbrev   0x00000000     0x5280
 .debug_abbrev  0x00000000      0x52c CMakeFiles/Animation-BitDogLab.dir/Animation-BitDogLab.c.obj
 .debug_abbrev  0x0000052c      0x4f9 CMakeFiles/Animation-BitDogLab.dir/C_/Users/leona/.pico-sdk/sdk/2.1.0/src/rp2_common/hardware_gpio/gpio.c.obj
 .debug_abbrev  0x00000a25      0x12b CMakeFiles/Animation-BitDogLab.dir/C_/Users/leona/.pico-sdk/sdk/2.1.0/src/rp2_common/pico_platform_panic/panic.c.obj
 .debug_abbrev  0x00000b50      0x33b CMakeFiles/Animation-BitDogLab.dir/C_/Users/leona/.pico-sdk/sdk/2.1.0/src/common/hardware_claim/claim.c.obj
 .debug_abbrev  0x00000e8b      0x20d CMakeFiles/Animation-BitDogLab.dir/C_/Users/leona/.pico-sdk/sdk/2.1.0/src/rp2_common/hardware_sync/sync.c.obj
 .debug_abbrev  0x00001098      0x1bb CMakeFiles/Animation-BitDogLab.dir/C_/Users/leona/.pico-sdk/sdk/2.1.0/src/rp2_common/hardware_sync_spin_lock/sync_spin_lock.c.obj
 .debug_abbrev  0x00001253      0x5ff CMakeFiles/Animation-BitDogLab.dir/C_/Users/leona/.pico-sdk/sdk/2.1.0/src/rp2_common/hardware_irq/irq.c.obj
 .debug_abbrev  0x00001852       0xee CMakeFiles/Animation-BitDogLab.dir/C_/Users/leona/.pico-sdk/sdk/2.1.0/src/common/pico_sync/lock_core.c.obj
 .debug_abbrev  0x00001940      0x48c CMakeFiles/Animation-BitDogLab.dir/C_/Users/leona/.pico-sdk/sdk/2.1.0/src/common/pico_sync/mutex.c.obj
 .debug_abbrev  0x00001dcc      0x67b CMakeFiles/Animation-BitDogLab.dir/C_/Users/leona/.pico-sdk/sdk/2.1.0/src/common/pico_time/time.c.obj
 .debug_abbrev  0x00002447      0x4f2 CMakeFiles/Animation-BitDogLab.dir/C_/Users/leona/.pico-sdk/sdk/2.1.0/src/rp2_common/hardware_timer/timer.c.obj
 .debug_abbrev  0x00002939      0x4e2 CMakeFiles/Animation-BitDogLab.dir/C_/Users/leona/.pico-sdk/sdk/2.1.0/src/rp2_common/hardware_clocks/clocks.c.obj
 .debug_abbrev  0x00002e1b      0x1d2 CMakeFiles/Animation-BitDogLab.dir/C_/Users/leona/.pico-sdk/sdk/2.1.0/src/rp2_common/hardware_pll/pll.c.obj
 .debug_abbrev  0x00002fed      0x145 CMakeFiles/Animation-BitDogLab.dir/C_/Users/leona/.pico-sdk/sdk/2.1.0/src/rp2_common/hardware_ticks/ticks.c.obj
 .debug_abbrev  0x00003132      0x1d7 CMakeFiles/Animation-BitDogLab.dir/C_/Users/leona/.pico-sdk/sdk/2.1.0/src/rp2_common/pico_bootrom/bootrom.c.obj
 .debug_abbrev  0x00003309      0x11b CMakeFiles/Animation-BitDogLab.dir/C_/Users/leona/.pico-sdk/sdk/2.1.0/src/rp2_common/hardware_xosc/xosc.c.obj
 .debug_abbrev  0x00003424      0x182 CMakeFiles/Animation-BitDogLab.dir/C_/Users/leona/.pico-sdk/sdk/2.1.0/src/rp2_common/pico_runtime/runtime.c.obj
 .debug_abbrev  0x000035a6      0x222 CMakeFiles/Animation-BitDogLab.dir/C_/Users/leona/.pico-sdk/sdk/2.1.0/src/rp2_common/pico_runtime_init/runtime_init.c.obj
 .debug_abbrev  0x000037c8      0x294 CMakeFiles/Animation-BitDogLab.dir/C_/Users/leona/.pico-sdk/sdk/2.1.0/src/rp2_common/pico_runtime_init/runtime_init_clocks.c.obj
 .debug_abbrev  0x00003a5c       0x12 CMakeFiles/Animation-BitDogLab.dir/C_/Users/leona/.pico-sdk/sdk/2.1.0/src/rp2_common/pico_bit_ops/bit_ops_aeabi.S.obj
 .debug_abbrev  0x00003a6e       0x12 CMakeFiles/Animation-BitDogLab.dir/C_/Users/leona/.pico-sdk/sdk/2.1.0/src/rp2_common/pico_divider/divider_hardware.S.obj
 .debug_abbrev  0x00003a80       0x12 CMakeFiles/Animation-BitDogLab.dir/C_/Users/leona/.pico-sdk/sdk/2.1.0/src/rp2_common/pico_double/double_aeabi_rp2040.S.obj
 .debug_abbrev  0x00003a92      0x1bb CMakeFiles/Animation-BitDogLab.dir/C_/Users/leona/.pico-sdk/sdk/2.1.0/src/rp2_common/pico_double/double_init_rom_rp2040.c.obj
 .debug_abbrev  0x00003c4d       0x14 CMakeFiles/Animation-BitDogLab.dir/C_/Users/leona/.pico-sdk/sdk/2.1.0/src/rp2_common/pico_double/double_v1_rom_shim_rp2040.S.obj
 .debug_abbrev  0x00003c61       0x14 CMakeFiles/Animation-BitDogLab.dir/C_/Users/leona/.pico-sdk/sdk/2.1.0/src/rp2_common/pico_int64_ops/pico_int64_ops_aeabi.S.obj
 .debug_abbrev  0x00003c75       0x12 CMakeFiles/Animation-BitDogLab.dir/C_/Users/leona/.pico-sdk/sdk/2.1.0/src/rp2_common/pico_float/float_aeabi_rp2040.S.obj
 .debug_abbrev  0x00003c87      0x19e CMakeFiles/Animation-BitDogLab.dir/C_/Users/leona/.pico-sdk/sdk/2.1.0/src/rp2_common/pico_float/float_init_rom_rp2040.c.obj
 .debug_abbrev  0x00003e25       0x12 CMakeFiles/Animation-BitDogLab.dir/C_/Users/leona/.pico-sdk/sdk/2.1.0/src/rp2_common/pico_mem_ops/mem_ops_aeabi.S.obj
 .debug_abbrev  0x00003e37       0xb8 CMakeFiles/Animation-BitDogLab.dir/C_/Users/leona/.pico-sdk/sdk/2.1.0/src/rp2_common/pico_standard_binary_info/standard_binary_info.c.obj
 .debug_abbrev  0x00003eef      0x525 CMakeFiles/Animation-BitDogLab.dir/C_/Users/leona/.pico-sdk/sdk/2.1.0/src/rp2_common/pico_printf/printf.c.obj
 .debug_abbrev  0x00004414       0x12 CMakeFiles/Animation-BitDogLab.dir/C_/Users/leona/.pico-sdk/sdk/2.1.0/src/rp2_common/pico_crt0/crt0.S.obj
 .debug_abbrev  0x00004426      0x352 CMakeFiles/Animation-BitDogLab.dir/C_/Users/leona/.pico-sdk/sdk/2.1.0/src/rp2_common/pico_clib_interface/newlib_interface.c.obj
 .debug_abbrev  0x00004778      0x5e7 CMakeFiles/Animation-BitDogLab.dir/C_/Users/leona/.pico-sdk/sdk/2.1.0/src/rp2_common/pico_stdio/stdio.c.obj
 .debug_abbrev  0x00004d5f      0x521 CMakeFiles/Animation-BitDogLab.dir/C_/Users/leona/.pico-sdk/sdk/2.1.0/src/rp2_common/hardware_pio/pio.c.obj

.debug_loclists
                0x00000000    0x120cd
 .debug_loclists
                0x00000000     0x1216 CMakeFiles/Animation-BitDogLab.dir/Animation-BitDogLab.c.obj
 .debug_loclists
                0x00001216     0x1a03 CMakeFiles/Animation-BitDogLab.dir/C_/Users/leona/.pico-sdk/sdk/2.1.0/src/rp2_common/hardware_gpio/gpio.c.obj
 .debug_loclists
                0x00002c19      0x36e CMakeFiles/Animation-BitDogLab.dir/C_/Users/leona/.pico-sdk/sdk/2.1.0/src/common/hardware_claim/claim.c.obj
 .debug_loclists
                0x00002f87       0xf1 CMakeFiles/Animation-BitDogLab.dir/C_/Users/leona/.pico-sdk/sdk/2.1.0/src/rp2_common/hardware_sync/sync.c.obj
 .debug_loclists
                0x00003078       0x7d CMakeFiles/Animation-BitDogLab.dir/C_/Users/leona/.pico-sdk/sdk/2.1.0/src/rp2_common/hardware_sync_spin_lock/sync_spin_lock.c.obj
 .debug_loclists
                0x000030f5     0x116f CMakeFiles/Animation-BitDogLab.dir/C_/Users/leona/.pico-sdk/sdk/2.1.0/src/rp2_common/hardware_irq/irq.c.obj
 .debug_loclists
                0x00004264       0x41 CMakeFiles/Animation-BitDogLab.dir/C_/Users/leona/.pico-sdk/sdk/2.1.0/src/common/pico_sync/lock_core.c.obj
 .debug_loclists
                0x000042a5      0xafa CMakeFiles/Animation-BitDogLab.dir/C_/Users/leona/.pico-sdk/sdk/2.1.0/src/common/pico_sync/mutex.c.obj
 .debug_loclists
                0x00004d9f     0x24bd CMakeFiles/Animation-BitDogLab.dir/C_/Users/leona/.pico-sdk/sdk/2.1.0/src/common/pico_time/time.c.obj
 .debug_loclists
                0x0000725c     0x1a12 CMakeFiles/Animation-BitDogLab.dir/C_/Users/leona/.pico-sdk/sdk/2.1.0/src/rp2_common/hardware_timer/timer.c.obj
 .debug_loclists
                0x00008c6e     0x28a5 CMakeFiles/Animation-BitDogLab.dir/C_/Users/leona/.pico-sdk/sdk/2.1.0/src/rp2_common/hardware_clocks/clocks.c.obj
 .debug_loclists
                0x0000b513      0x1e0 CMakeFiles/Animation-BitDogLab.dir/C_/Users/leona/.pico-sdk/sdk/2.1.0/src/rp2_common/hardware_pll/pll.c.obj
 .debug_loclists
                0x0000b6f3       0x47 CMakeFiles/Animation-BitDogLab.dir/C_/Users/leona/.pico-sdk/sdk/2.1.0/src/rp2_common/hardware_ticks/ticks.c.obj
 .debug_loclists
                0x0000b73a      0x38a CMakeFiles/Animation-BitDogLab.dir/C_/Users/leona/.pico-sdk/sdk/2.1.0/src/rp2_common/pico_bootrom/bootrom.c.obj
 .debug_loclists
                0x0000bac4       0x48 CMakeFiles/Animation-BitDogLab.dir/C_/Users/leona/.pico-sdk/sdk/2.1.0/src/rp2_common/hardware_xosc/xosc.c.obj
 .debug_loclists
                0x0000bb0c       0x7e CMakeFiles/Animation-BitDogLab.dir/C_/Users/leona/.pico-sdk/sdk/2.1.0/src/rp2_common/pico_runtime/runtime.c.obj
 .debug_loclists
                0x0000bb8a       0xba CMakeFiles/Animation-BitDogLab.dir/C_/Users/leona/.pico-sdk/sdk/2.1.0/src/rp2_common/pico_runtime_init/runtime_init.c.obj
 .debug_loclists
                0x0000bc44       0x74 CMakeFiles/Animation-BitDogLab.dir/C_/Users/leona/.pico-sdk/sdk/2.1.0/src/rp2_common/pico_runtime_init/runtime_init_clocks.c.obj
 .debug_loclists
                0x0000bcb8       0x35 CMakeFiles/Animation-BitDogLab.dir/C_/Users/leona/.pico-sdk/sdk/2.1.0/src/rp2_common/pico_double/double_init_rom_rp2040.c.obj
 .debug_loclists
                0x0000bced       0x4e CMakeFiles/Animation-BitDogLab.dir/C_/Users/leona/.pico-sdk/sdk/2.1.0/src/rp2_common/pico_float/float_init_rom_rp2040.c.obj
 .debug_loclists
                0x0000bd3b     0x2f65 CMakeFiles/Animation-BitDogLab.dir/C_/Users/leona/.pico-sdk/sdk/2.1.0/src/rp2_common/pico_printf/printf.c.obj
 .debug_loclists
                0x0000eca0      0x431 CMakeFiles/Animation-BitDogLab.dir/C_/Users/leona/.pico-sdk/sdk/2.1.0/src/rp2_common/pico_clib_interface/newlib_interface.c.obj
 .debug_loclists
                0x0000f0d1      0xe8b CMakeFiles/Animation-BitDogLab.dir/C_/Users/leona/.pico-sdk/sdk/2.1.0/src/rp2_common/pico_stdio/stdio.c.obj
 .debug_loclists
                0x0000ff5c     0x2171 CMakeFiles/Animation-BitDogLab.dir/C_/Users/leona/.pico-sdk/sdk/2.1.0/src/rp2_common/hardware_pio/pio.c.obj

.debug_aranges  0x00000000      0xe80
 .debug_aranges
                0x00000000       0x68 CMakeFiles/Animation-BitDogLab.dir/Animation-BitDogLab.c.obj
 .debug_aranges
                0x00000068      0x120 CMakeFiles/Animation-BitDogLab.dir/C_/Users/leona/.pico-sdk/sdk/2.1.0/src/rp2_common/hardware_gpio/gpio.c.obj
 .debug_aranges
                0x00000188       0x28 CMakeFiles/Animation-BitDogLab.dir/C_/Users/leona/.pico-sdk/sdk/2.1.0/src/rp2_common/pico_platform_panic/panic.c.obj
 .debug_aranges
                0x000001b0       0x48 CMakeFiles/Animation-BitDogLab.dir/C_/Users/leona/.pico-sdk/sdk/2.1.0/src/common/hardware_claim/claim.c.obj
 .debug_aranges
                0x000001f8       0x48 CMakeFiles/Animation-BitDogLab.dir/C_/Users/leona/.pico-sdk/sdk/2.1.0/src/rp2_common/hardware_sync/sync.c.obj
 .debug_aranges
                0x00000240       0x28 CMakeFiles/Animation-BitDogLab.dir/C_/Users/leona/.pico-sdk/sdk/2.1.0/src/rp2_common/hardware_sync_spin_lock/sync_spin_lock.c.obj
 .debug_aranges
                0x00000268       0xb0 CMakeFiles/Animation-BitDogLab.dir/C_/Users/leona/.pico-sdk/sdk/2.1.0/src/rp2_common/hardware_irq/irq.c.obj
 .debug_aranges
                0x00000318       0x20 CMakeFiles/Animation-BitDogLab.dir/C_/Users/leona/.pico-sdk/sdk/2.1.0/src/common/pico_sync/lock_core.c.obj
 .debug_aranges
                0x00000338       0x98 CMakeFiles/Animation-BitDogLab.dir/C_/Users/leona/.pico-sdk/sdk/2.1.0/src/common/pico_sync/mutex.c.obj
 .debug_aranges
                0x000003d0       0xe0 CMakeFiles/Animation-BitDogLab.dir/C_/Users/leona/.pico-sdk/sdk/2.1.0/src/common/pico_time/time.c.obj
 .debug_aranges
                0x000004b0       0xf0 CMakeFiles/Animation-BitDogLab.dir/C_/Users/leona/.pico-sdk/sdk/2.1.0/src/rp2_common/hardware_timer/timer.c.obj
 .debug_aranges
                0x000005a0       0x90 CMakeFiles/Animation-BitDogLab.dir/C_/Users/leona/.pico-sdk/sdk/2.1.0/src/rp2_common/hardware_clocks/clocks.c.obj
 .debug_aranges
                0x00000630       0x28 CMakeFiles/Animation-BitDogLab.dir/C_/Users/leona/.pico-sdk/sdk/2.1.0/src/rp2_common/hardware_pll/pll.c.obj
 .debug_aranges
                0x00000658       0x30 CMakeFiles/Animation-BitDogLab.dir/C_/Users/leona/.pico-sdk/sdk/2.1.0/src/rp2_common/hardware_ticks/ticks.c.obj
 .debug_aranges
                0x00000688       0x40 CMakeFiles/Animation-BitDogLab.dir/C_/Users/leona/.pico-sdk/sdk/2.1.0/src/rp2_common/pico_bootrom/bootrom.c.obj
 .debug_aranges
                0x000006c8       0x30 CMakeFiles/Animation-BitDogLab.dir/C_/Users/leona/.pico-sdk/sdk/2.1.0/src/rp2_common/hardware_xosc/xosc.c.obj
 .debug_aranges
                0x000006f8       0x38 CMakeFiles/Animation-BitDogLab.dir/C_/Users/leona/.pico-sdk/sdk/2.1.0/src/rp2_common/pico_runtime/runtime.c.obj
 .debug_aranges
                0x00000730       0x48 CMakeFiles/Animation-BitDogLab.dir/C_/Users/leona/.pico-sdk/sdk/2.1.0/src/rp2_common/pico_runtime_init/runtime_init.c.obj
 .debug_aranges
                0x00000778       0x20 CMakeFiles/Animation-BitDogLab.dir/C_/Users/leona/.pico-sdk/sdk/2.1.0/src/rp2_common/pico_runtime_init/runtime_init_clocks.c.obj
 .debug_aranges
                0x00000798       0x60 CMakeFiles/Animation-BitDogLab.dir/C_/Users/leona/.pico-sdk/sdk/2.1.0/src/rp2_common/pico_bit_ops/bit_ops_aeabi.S.obj
 .debug_aranges
                0x000007f8       0x40 CMakeFiles/Animation-BitDogLab.dir/C_/Users/leona/.pico-sdk/sdk/2.1.0/src/rp2_common/pico_divider/divider_hardware.S.obj
 .debug_aranges
                0x00000838      0x140 CMakeFiles/Animation-BitDogLab.dir/C_/Users/leona/.pico-sdk/sdk/2.1.0/src/rp2_common/pico_double/double_aeabi_rp2040.S.obj
 .debug_aranges
                0x00000978       0x28 CMakeFiles/Animation-BitDogLab.dir/C_/Users/leona/.pico-sdk/sdk/2.1.0/src/rp2_common/pico_double/double_init_rom_rp2040.c.obj
 .debug_aranges
                0x000009a0       0x20 CMakeFiles/Animation-BitDogLab.dir/C_/Users/leona/.pico-sdk/sdk/2.1.0/src/rp2_common/pico_double/double_v1_rom_shim_rp2040.S.obj
 .debug_aranges
                0x000009c0       0x20 CMakeFiles/Animation-BitDogLab.dir/C_/Users/leona/.pico-sdk/sdk/2.1.0/src/rp2_common/pico_int64_ops/pico_int64_ops_aeabi.S.obj
 .debug_aranges
                0x000009e0      0x130 CMakeFiles/Animation-BitDogLab.dir/C_/Users/leona/.pico-sdk/sdk/2.1.0/src/rp2_common/pico_float/float_aeabi_rp2040.S.obj
 .debug_aranges
                0x00000b10       0x28 CMakeFiles/Animation-BitDogLab.dir/C_/Users/leona/.pico-sdk/sdk/2.1.0/src/rp2_common/pico_float/float_init_rom_rp2040.c.obj
 .debug_aranges
                0x00000b38       0x38 CMakeFiles/Animation-BitDogLab.dir/C_/Users/leona/.pico-sdk/sdk/2.1.0/src/rp2_common/pico_mem_ops/mem_ops_aeabi.S.obj
 .debug_aranges
                0x00000b70       0x18 CMakeFiles/Animation-BitDogLab.dir/C_/Users/leona/.pico-sdk/sdk/2.1.0/src/rp2_common/pico_standard_binary_info/standard_binary_info.c.obj
 .debug_aranges
                0x00000b88       0x90 CMakeFiles/Animation-BitDogLab.dir/C_/Users/leona/.pico-sdk/sdk/2.1.0/src/rp2_common/pico_printf/printf.c.obj
 .debug_aranges
                0x00000c18       0x28 CMakeFiles/Animation-BitDogLab.dir/C_/Users/leona/.pico-sdk/sdk/2.1.0/src/rp2_common/pico_crt0/crt0.S.obj
 .debug_aranges
                0x00000c40       0xa0 CMakeFiles/Animation-BitDogLab.dir/C_/Users/leona/.pico-sdk/sdk/2.1.0/src/rp2_common/pico_clib_interface/newlib_interface.c.obj
 .debug_aranges
                0x00000ce0       0xc8 CMakeFiles/Animation-BitDogLab.dir/C_/Users/leona/.pico-sdk/sdk/2.1.0/src/rp2_common/pico_stdio/stdio.c.obj
 .debug_aranges
                0x00000da8       0xd8 CMakeFiles/Animation-BitDogLab.dir/C_/Users/leona/.pico-sdk/sdk/2.1.0/src/rp2_common/hardware_pio/pio.c.obj

.debug_rnglists
                0x00000000     0x32da
 .debug_rnglists
                0x00000000      0x63a CMakeFiles/Animation-BitDogLab.dir/Animation-BitDogLab.c.obj
 .debug_rnglists
                0x0000063a      0x5c7 CMakeFiles/Animation-BitDogLab.dir/C_/Users/leona/.pico-sdk/sdk/2.1.0/src/rp2_common/hardware_gpio/gpio.c.obj
 .debug_rnglists
                0x00000c01       0x19 CMakeFiles/Animation-BitDogLab.dir/C_/Users/leona/.pico-sdk/sdk/2.1.0/src/rp2_common/pico_platform_panic/panic.c.obj
 .debug_rnglists
                0x00000c1a       0xc5 CMakeFiles/Animation-BitDogLab.dir/C_/Users/leona/.pico-sdk/sdk/2.1.0/src/common/hardware_claim/claim.c.obj
 .debug_rnglists
                0x00000cdf       0x67 CMakeFiles/Animation-BitDogLab.dir/C_/Users/leona/.pico-sdk/sdk/2.1.0/src/rp2_common/hardware_sync/sync.c.obj
 .debug_rnglists
                0x00000d46       0x3d CMakeFiles/Animation-BitDogLab.dir/C_/Users/leona/.pico-sdk/sdk/2.1.0/src/rp2_common/hardware_sync_spin_lock/sync_spin_lock.c.obj
 .debug_rnglists
                0x00000d83      0x355 CMakeFiles/Animation-BitDogLab.dir/C_/Users/leona/.pico-sdk/sdk/2.1.0/src/rp2_common/hardware_irq/irq.c.obj
 .debug_rnglists
                0x000010d8       0x1f CMakeFiles/Animation-BitDogLab.dir/C_/Users/leona/.pico-sdk/sdk/2.1.0/src/common/pico_sync/lock_core.c.obj
 .debug_rnglists
                0x000010f7      0x32c CMakeFiles/Animation-BitDogLab.dir/C_/Users/leona/.pico-sdk/sdk/2.1.0/src/common/pico_sync/mutex.c.obj
 .debug_rnglists
                0x00001423      0x77c CMakeFiles/Animation-BitDogLab.dir/C_/Users/leona/.pico-sdk/sdk/2.1.0/src/common/pico_time/time.c.obj
 .debug_rnglists
                0x00001b9f      0x2c6 CMakeFiles/Animation-BitDogLab.dir/C_/Users/leona/.pico-sdk/sdk/2.1.0/src/rp2_common/hardware_timer/timer.c.obj
 .debug_rnglists
                0x00001e65      0x4ad CMakeFiles/Animation-BitDogLab.dir/C_/Users/leona/.pico-sdk/sdk/2.1.0/src/rp2_common/hardware_clocks/clocks.c.obj
 .debug_rnglists
                0x00002312       0x5c CMakeFiles/Animation-BitDogLab.dir/C_/Users/leona/.pico-sdk/sdk/2.1.0/src/rp2_common/hardware_pll/pll.c.obj
 .debug_rnglists
                0x0000236e       0x2b CMakeFiles/Animation-BitDogLab.dir/C_/Users/leona/.pico-sdk/sdk/2.1.0/src/rp2_common/hardware_ticks/ticks.c.obj
 .debug_rnglists
                0x00002399      0x10c CMakeFiles/Animation-BitDogLab.dir/C_/Users/leona/.pico-sdk/sdk/2.1.0/src/rp2_common/pico_bootrom/bootrom.c.obj
 .debug_rnglists
                0x000024a5       0x2b CMakeFiles/Animation-BitDogLab.dir/C_/Users/leona/.pico-sdk/sdk/2.1.0/src/rp2_common/hardware_xosc/xosc.c.obj
 .debug_rnglists
                0x000024d0       0x3d CMakeFiles/Animation-BitDogLab.dir/C_/Users/leona/.pico-sdk/sdk/2.1.0/src/rp2_common/pico_runtime/runtime.c.obj
 .debug_rnglists
                0x0000250d       0x49 CMakeFiles/Animation-BitDogLab.dir/C_/Users/leona/.pico-sdk/sdk/2.1.0/src/rp2_common/pico_runtime_init/runtime_init.c.obj
 .debug_rnglists
                0x00002556       0x20 CMakeFiles/Animation-BitDogLab.dir/C_/Users/leona/.pico-sdk/sdk/2.1.0/src/rp2_common/pico_runtime_init/runtime_init_clocks.c.obj
 .debug_rnglists
                0x00002576       0x43 CMakeFiles/Animation-BitDogLab.dir/C_/Users/leona/.pico-sdk/sdk/2.1.0/src/rp2_common/pico_bit_ops/bit_ops_aeabi.S.obj
 .debug_rnglists
                0x000025b9       0x2c CMakeFiles/Animation-BitDogLab.dir/C_/Users/leona/.pico-sdk/sdk/2.1.0/src/rp2_common/pico_divider/divider_hardware.S.obj
 .debug_rnglists
                0x000025e5       0xec CMakeFiles/Animation-BitDogLab.dir/C_/Users/leona/.pico-sdk/sdk/2.1.0/src/rp2_common/pico_double/double_aeabi_rp2040.S.obj
 .debug_rnglists
                0x000026d1       0x1a CMakeFiles/Animation-BitDogLab.dir/C_/Users/leona/.pico-sdk/sdk/2.1.0/src/rp2_common/pico_double/double_init_rom_rp2040.c.obj
 .debug_rnglists
                0x000026eb       0xdf CMakeFiles/Animation-BitDogLab.dir/C_/Users/leona/.pico-sdk/sdk/2.1.0/src/rp2_common/pico_float/float_aeabi_rp2040.S.obj
 .debug_rnglists
                0x000027ca       0x19 CMakeFiles/Animation-BitDogLab.dir/C_/Users/leona/.pico-sdk/sdk/2.1.0/src/rp2_common/pico_float/float_init_rom_rp2040.c.obj
 .debug_rnglists
                0x000027e3       0x25 CMakeFiles/Animation-BitDogLab.dir/C_/Users/leona/.pico-sdk/sdk/2.1.0/src/rp2_common/pico_mem_ops/mem_ops_aeabi.S.obj
 .debug_rnglists
                0x00002808      0x27c CMakeFiles/Animation-BitDogLab.dir/C_/Users/leona/.pico-sdk/sdk/2.1.0/src/rp2_common/pico_printf/printf.c.obj
 .debug_rnglists
                0x00002a84       0x1b CMakeFiles/Animation-BitDogLab.dir/C_/Users/leona/.pico-sdk/sdk/2.1.0/src/rp2_common/pico_crt0/crt0.S.obj
 .debug_rnglists
                0x00002a9f       0x7f CMakeFiles/Animation-BitDogLab.dir/C_/Users/leona/.pico-sdk/sdk/2.1.0/src/rp2_common/pico_clib_interface/newlib_interface.c.obj
 .debug_rnglists
                0x00002b1e      0x297 CMakeFiles/Animation-BitDogLab.dir/C_/Users/leona/.pico-sdk/sdk/2.1.0/src/rp2_common/pico_stdio/stdio.c.obj
 .debug_rnglists
                0x00002db5      0x525 CMakeFiles/Animation-BitDogLab.dir/C_/Users/leona/.pico-sdk/sdk/2.1.0/src/rp2_common/hardware_pio/pio.c.obj

.debug_line     0x00000000    0x183ed
 .debug_line    0x00000000     0x2493 CMakeFiles/Animation-BitDogLab.dir/Animation-BitDogLab.c.obj
 .debug_line    0x00002493     0x1c97 CMakeFiles/Animation-BitDogLab.dir/C_/Users/leona/.pico-sdk/sdk/2.1.0/src/rp2_common/hardware_gpio/gpio.c.obj
 .debug_line    0x0000412a      0x28a CMakeFiles/Animation-BitDogLab.dir/C_/Users/leona/.pico-sdk/sdk/2.1.0/src/rp2_common/pico_platform_panic/panic.c.obj
 .debug_line    0x000043b4      0x930 CMakeFiles/Animation-BitDogLab.dir/C_/Users/leona/.pico-sdk/sdk/2.1.0/src/common/hardware_claim/claim.c.obj
 .debug_line    0x00004ce4      0x4d2 CMakeFiles/Animation-BitDogLab.dir/C_/Users/leona/.pico-sdk/sdk/2.1.0/src/rp2_common/hardware_sync/sync.c.obj
 .debug_line    0x000051b6      0x3ba CMakeFiles/Animation-BitDogLab.dir/C_/Users/leona/.pico-sdk/sdk/2.1.0/src/rp2_common/hardware_sync_spin_lock/sync_spin_lock.c.obj
 .debug_line    0x00005570     0x1716 CMakeFiles/Animation-BitDogLab.dir/C_/Users/leona/.pico-sdk/sdk/2.1.0/src/rp2_common/hardware_irq/irq.c.obj
 .debug_line    0x00006c86      0x2e5 CMakeFiles/Animation-BitDogLab.dir/C_/Users/leona/.pico-sdk/sdk/2.1.0/src/common/pico_sync/lock_core.c.obj